Archive member included to satisfy reference by file (symbol)

/usr/lib/gcc/arm-none-eabi/14.2.1/../../../arm-none-eabi/lib/thumb/v7e-m/nofp/libg_nano.a(libc_a-errno.o)
                              objdir-CWLITEARM/stm32f3_sysmem.o (__errno)
/usr/lib/gcc/arm-none-eabi/14.2.1/../../../arm-none-eabi/lib/thumb/v7e-m/nofp/libg_nano.a(libc_a-init.o)
                              /usr/lib/gcc/arm-none-eabi/14.2.1/../../../arm-none-eabi/lib/thumb/v7e-m/nofp/crt0.o (__libc_init_array)
/usr/lib/gcc/arm-none-eabi/14.2.1/../../../arm-none-eabi/lib/thumb/v7e-m/nofp/libg_nano.a(libc_a-memset.o)
                              /usr/lib/gcc/arm-none-eabi/14.2.1/../../../arm-none-eabi/lib/thumb/v7e-m/nofp/crt0.o (memset)
/usr/lib/gcc/arm-none-eabi/14.2.1/../../../arm-none-eabi/lib/thumb/v7e-m/nofp/libg_nano.a(libc_a-impure.o)
                              /usr/lib/gcc/arm-none-eabi/14.2.1/../../../arm-none-eabi/lib/thumb/v7e-m/nofp/libg_nano.a(libc_a-errno.o) (_impure_ptr)
/usr/lib/gcc/arm-none-eabi/14.2.1/../../../arm-none-eabi/lib/thumb/v7e-m/nofp/libg_nano.a(libc_a-exit.o)
                              /usr/lib/gcc/arm-none-eabi/14.2.1/../../../arm-none-eabi/lib/thumb/v7e-m/nofp/crt0.o (exit)
/usr/lib/gcc/arm-none-eabi/14.2.1/../../../arm-none-eabi/lib/thumb/v7e-m/nofp/libg_nano.a(libc_a-atexit.o)
                              /usr/lib/gcc/arm-none-eabi/14.2.1/../../../arm-none-eabi/lib/thumb/v7e-m/nofp/crt0.o (atexit)
/usr/lib/gcc/arm-none-eabi/14.2.1/../../../arm-none-eabi/lib/thumb/v7e-m/nofp/libg_nano.a(libc_a-fini.o)
                              /usr/lib/gcc/arm-none-eabi/14.2.1/../../../arm-none-eabi/lib/thumb/v7e-m/nofp/crt0.o (__libc_fini_array)
/usr/lib/gcc/arm-none-eabi/14.2.1/../../../arm-none-eabi/lib/thumb/v7e-m/nofp/libg_nano.a(libc_a-findfp.o)
                              /usr/lib/gcc/arm-none-eabi/14.2.1/../../../arm-none-eabi/lib/thumb/v7e-m/nofp/libg_nano.a(libc_a-exit.o) (__stdio_exit_handler)
/usr/lib/gcc/arm-none-eabi/14.2.1/../../../arm-none-eabi/lib/thumb/v7e-m/nofp/libg_nano.a(libc_a-fflush.o)
                              /usr/lib/gcc/arm-none-eabi/14.2.1/../../../arm-none-eabi/lib/thumb/v7e-m/nofp/libg_nano.a(libc_a-findfp.o) (_fflush_r)
/usr/lib/gcc/arm-none-eabi/14.2.1/../../../arm-none-eabi/lib/thumb/v7e-m/nofp/libg_nano.a(libc_a-mallocr.o)
                              /usr/lib/gcc/arm-none-eabi/14.2.1/../../../arm-none-eabi/lib/thumb/v7e-m/nofp/libg_nano.a(libc_a-findfp.o) (_malloc_r)
/usr/lib/gcc/arm-none-eabi/14.2.1/../../../arm-none-eabi/lib/thumb/v7e-m/nofp/libg_nano.a(libc_a-freer.o)
                              /usr/lib/gcc/arm-none-eabi/14.2.1/../../../arm-none-eabi/lib/thumb/v7e-m/nofp/libg_nano.a(libc_a-fflush.o) (_free_r)
/usr/lib/gcc/arm-none-eabi/14.2.1/../../../arm-none-eabi/lib/thumb/v7e-m/nofp/libg_nano.a(libc_a-fwalk.o)
                              /usr/lib/gcc/arm-none-eabi/14.2.1/../../../arm-none-eabi/lib/thumb/v7e-m/nofp/libg_nano.a(libc_a-findfp.o) (_fwalk_sglue)
/usr/lib/gcc/arm-none-eabi/14.2.1/../../../arm-none-eabi/lib/thumb/v7e-m/nofp/libg_nano.a(libc_a-__atexit.o)
                              /usr/lib/gcc/arm-none-eabi/14.2.1/../../../arm-none-eabi/lib/thumb/v7e-m/nofp/libg_nano.a(libc_a-atexit.o) (__register_exitproc)
/usr/lib/gcc/arm-none-eabi/14.2.1/../../../arm-none-eabi/lib/thumb/v7e-m/nofp/libg_nano.a(libc_a-mlock.o)
                              /usr/lib/gcc/arm-none-eabi/14.2.1/../../../arm-none-eabi/lib/thumb/v7e-m/nofp/libg_nano.a(libc_a-mallocr.o) (__malloc_lock)
/usr/lib/gcc/arm-none-eabi/14.2.1/../../../arm-none-eabi/lib/thumb/v7e-m/nofp/libg_nano.a(libc_a-sbrkr.o)
                              /usr/lib/gcc/arm-none-eabi/14.2.1/../../../arm-none-eabi/lib/thumb/v7e-m/nofp/libg_nano.a(libc_a-mallocr.o) (_sbrk_r)
/usr/lib/gcc/arm-none-eabi/14.2.1/../../../arm-none-eabi/lib/thumb/v7e-m/nofp/libg_nano.a(libc_a-stdio.o)
                              /usr/lib/gcc/arm-none-eabi/14.2.1/../../../arm-none-eabi/lib/thumb/v7e-m/nofp/libg_nano.a(libc_a-findfp.o) (__sread)
/usr/lib/gcc/arm-none-eabi/14.2.1/../../../arm-none-eabi/lib/thumb/v7e-m/nofp/libg_nano.a(libc_a-readr.o)
                              /usr/lib/gcc/arm-none-eabi/14.2.1/../../../arm-none-eabi/lib/thumb/v7e-m/nofp/libg_nano.a(libc_a-stdio.o) (_read_r)
/usr/lib/gcc/arm-none-eabi/14.2.1/../../../arm-none-eabi/lib/thumb/v7e-m/nofp/libg_nano.a(libc_a-writer.o)
                              /usr/lib/gcc/arm-none-eabi/14.2.1/../../../arm-none-eabi/lib/thumb/v7e-m/nofp/libg_nano.a(libc_a-stdio.o) (_write_r)
/usr/lib/gcc/arm-none-eabi/14.2.1/../../../arm-none-eabi/lib/thumb/v7e-m/nofp/libg_nano.a(libc_a-closer.o)
                              /usr/lib/gcc/arm-none-eabi/14.2.1/../../../arm-none-eabi/lib/thumb/v7e-m/nofp/libg_nano.a(libc_a-stdio.o) (_close_r)
/usr/lib/gcc/arm-none-eabi/14.2.1/../../../arm-none-eabi/lib/thumb/v7e-m/nofp/libg_nano.a(libc_a-lseekr.o)
[...]
Memory Configuration

Name             Origin             Length             Attributes
RAM              0x20000000         0x0000a000         xrw
ROM              0x08000000         0x00040000         xr
*default*        0x00000000         0xffffffff

Linker script and memory map

LOAD /usr/lib/gcc/arm-none-eabi/14.2.1/thumb/v7e-m/nofp/crti.o
LOAD /usr/lib/gcc/arm-none-eabi/14.2.1/thumb/v7e-m/nofp/crtbegin.o
LOAD /usr/lib/gcc/arm-none-eabi/14.2.1/../../../arm-none-eabi/lib/thumb/v7e-m/nofp/crt0.o
LOAD objdir-CWLITEARM/basic-passwdcheck.o
LOAD objdir-CWLITEARM/simpleserial.o
LOAD objdir-CWLITEARM/hal.o
LOAD objdir-CWLITEARM/stm32f3_hal.o
LOAD objdir-CWLITEARM/stm32f3_hal_lowlevel.o
LOAD objdir-CWLITEARM/stm32f3_sysmem.o
LOAD objdir-CWLITEARM/stm32f3_startup.o
LOAD /usr/lib/gcc/arm-none-eabi/14.2.1/../../../arm-none-eabi/lib/thumb/v7e-m/nofp/libm.a
LOAD /usr/lib/gcc/arm-none-eabi/14.2.1/../../../arm-none-eabi/lib/thumb/v7e-m/nofp/libm.a
START GROUP
LOAD /usr/lib/gcc/arm-none-eabi/14.2.1/thumb/v7e-m/nofp/libgcc.a
LOAD /usr/lib/gcc/arm-none-eabi/14.2.1/../../../arm-none-eabi/lib/thumb/v7e-m/nofp/libg_nano.a
LOAD /usr/lib/gcc/arm-none-eabi/14.2.1/../../../arm-none-eabi/lib/thumb/v7e-m/nofp/libc_nano.a
END GROUP
START GROUP
LOAD /usr/lib/gcc/arm-none-eabi/14.2.1/thumb/v7e-m/nofp/libgcc.a
LOAD /usr/lib/gcc/arm-none-eabi/14.2.1/../../../arm-none-eabi/lib/thumb/v7e-m/nofp/libc_nano.a
LOAD /usr/lib/gcc/arm-none-eabi/14.2.1/../../../arm-none-eabi/lib/thumb/v7e-m/nofp/libnosys.a
END GROUP
START GROUP
LOAD /usr/lib/gcc/arm-none-eabi/14.2.1/thumb/v7e-m/nofp/libgcc.a
LOAD /usr/lib/gcc/arm-none-eabi/14.2.1/../../../arm-none-eabi/lib/thumb/v7e-m/nofp/libc_nano.a
LOAD /usr/lib/gcc/arm-none-eabi/14.2.1/../../../arm-none-eabi/lib/thumb/v7e-m/nofp/libnosys.a
END GROUP
LOAD /usr/lib/gcc/arm-none-eabi/14.2.1/thumb/v7e-m/nofp/crtend.o
LOAD /usr/lib/gcc/arm-none-eabi/14.2.1/thumb/v7e-m/nofp/crtn.o
                0x2000a000                        _estack = 0x2000a000
                0x00000000                        _Min_Heap_Size = 0x0
                0x00000400                        _Min_Stack_Size = 0x400

.isr_vector     0x08000000      0x188
                0x08000000                        . = ALIGN (0x4)
 *(.isr_vector)
 .isr_vector    0x08000000      0x188 objdir-CWLITEARM/stm32f3_startup.o
                0x08000000                g_pfnVectors
                0x08000188                        . = ALIGN (0x4)

.text           0x08000188      0xf90
                0x08000188                        . = ALIGN (0x4)
 *(.text)
 .text          0x08000188       0x88 /usr/lib/gcc/arm-none-eabi/14.2.1/thumb/v7e-m/nofp/crtbegin.o
 .text          0x08000210       0x50 /usr/lib/gcc/arm-none-eabi/14.2.1/../../../arm-none-eabi/lib/thumb/v7e-m/nofp/libg_nano.a(libc_a-init.o)
                0x08000210                __libc_init_array
 *(.text*)
 .text.delay_2_ms
                0x08000260       0x1c objdir-CWLITEARM/basic-passwdcheck.o
 .text.my_puts  0x0800027c       0x14 objdir-CWLITEARM/basic-passwdcheck.o
                0x0800027c                my_puts
 .text.my_read  0x08000290       0x2e objdir-CWLITEARM/basic-passwdcheck.o
                0x08000290                my_read
 *fill*         0x080002be        0x2 
 .text.startup.main
                0x080002c0       0xbc objdir-CWLITEARM/basic-passwdcheck.o
                0x080002c0                main
 .text.platform_init
                0x0800037c       0x7c objdir-CWLITEARM/stm32f3_hal.o
                0x0800037c                platform_init
 .text.init_uart
                0x080003f8       0x7c objdir-CWLITEARM/stm32f3_hal.o
                0x080003f8                init_uart
 .text.trigger_setup
                0x08000474       0x48 objdir-CWLITEARM/stm32f3_hal.o
                0x08000474                trigger_setup
 .text.trigger_high
                0x080004bc        0xe objdir-CWLITEARM/stm32f3_hal.o
                0x080004bc                trigger_high
 .text.trigger_low
                0x080004ca        0xe objdir-CWLITEARM/stm32f3_hal.o
                0x080004ca                trigger_low
 .text.getch    0x080004d8       0x30 objdir-CWLITEARM/stm32f3_hal.o
                0x080004d8                getch
 .text.putch    0x08000508       0x20 objdir-CWLITEARM/stm32f3_hal.o
                0x08000508                putch
 .text.change_err_led
                0x08000528       0x18 objdir-CWLITEARM/stm32f3_hal.o
                0x08000528                change_err_led
 .text.change_ok_led
                0x08000540       0x18 objdir-CWLITEARM/stm32f3_hal.o
                0x08000540                change_ok_led
 .text.HAL_GetTick
                0x08000558       0x10 objdir-CWLITEARM/stm32f3_hal_lowlevel.o
                0x08000558                HAL_GetTick
 .text.HAL_RCC_OscConfig
                0x08000568      0x48c objdir-CWLITEARM/stm32f3_hal_lowlevel.o
                0x08000568                HAL_RCC_OscConfig
 .text.HAL_RCC_ClockConfig
                0x080009f4      0x140 objdir-CWLITEARM/stm32f3_hal_lowlevel.o
                0x080009f4                HAL_RCC_ClockConfig
 .text.HAL_GPIO_Init
                0x08000b34      0x17c objdir-CWLITEARM/stm32f3_hal_lowlevel.o
                0x08000b34                HAL_GPIO_Init
 .text.HAL_GPIO_WritePin
                0x08000cb0        0xa objdir-CWLITEARM/stm32f3_hal_lowlevel.o
                0x08000cb0                HAL_GPIO_WritePin
 *fill*         0x08000cba        0x2 
 .text.UART_SetConfig
                0x08000cbc      0x15c objdir-CWLITEARM/stm32f3_hal_lowlevel.o
                0x08000cbc                UART_SetConfig
 .text.UART_WaitOnFlagUntilTimeout
                0x08000e18       0x62 objdir-CWLITEARM/stm32f3_hal_lowlevel.o
                0x08000e18                UART_WaitOnFlagUntilTimeout
 .text.UART_CheckIdleState
                0x08000e7a       0x62 objdir-CWLITEARM/stm32f3_hal_lowlevel.o
                0x08000e7a                UART_CheckIdleState
 .text.HAL_UART_Init
                0x08000edc       0x54 objdir-CWLITEARM/stm32f3_hal_lowlevel.o
                0x08000edc                HAL_UART_Init
 .text.HAL_UART_Transmit
                0x08000f30       0xac objdir-CWLITEARM/stm32f3_hal_lowlevel.o
                0x08000f30                HAL_UART_Transmit
 .text.HAL_UART_Receive
                0x08000fdc       0xd6 objdir-CWLITEARM/stm32f3_hal_lowlevel.o
                0x08000fdc                HAL_UART_Receive
 *fill*         0x080010b2        0x2 
 .text.Reset_Handler
                0x080010b4       0x48 objdir-CWLITEARM/stm32f3_startup.o
                0x080010b4                Reset_Handler
 .text.Default_Handler
                0x080010fc        0x2 objdir-CWLITEARM/stm32f3_startup.o
                0x080010fc                DebugMon_Handler
                0x080010fc                HardFault_Handler
                0x080010fc                SysTick_Handler
                0x080010fc                PendSV_Handler
                0x080010fc                NMI_Handler
                0x080010fc                UsageFault_Handler
                0x080010fc                Default_Handler
                0x080010fc                MemManage_Handler
                0x080010fc                SVC_Handler
                0x080010fc                BusFault_Handler
 *(.glue_7)
 .glue_7        0x080010fe        0x0 linker stubs
 *(.glue_7t)
 .glue_7t       0x080010fe        0x0 linker stubs
 *(.eh_frame)
 *fill*         0x080010fe        0x2 
 .eh_frame      0x08001100        0x0 /usr/lib/gcc/arm-none-eabi/14.2.1/thumb/v7e-m/nofp/crtbegin.o
 *(.init)
 .init          0x08001100        0x4 /usr/lib/gcc/arm-none-eabi/14.2.1/thumb/v7e-m/nofp/crti.o
                0x08001100                _init
 .init          0x08001104        0x8 /usr/lib/gcc/arm-none-eabi/14.2.1/thumb/v7e-m/nofp/crtn.o
 *(.fini)
 .fini          0x0800110c        0x4 /usr/lib/gcc/arm-none-eabi/14.2.1/thumb/v7e-m/nofp/crti.o
                0x0800110c                _fini
 .fini          0x08001110        0x8 /usr/lib/gcc/arm-none-eabi/14.2.1/thumb/v7e-m/nofp/crtn.o
                0x08001118                        . = ALIGN (0x4)
                0x08001118                        _etext = .

.vfp11_veneer   0x08001118        0x0
 .vfp11_veneer  0x08001118        0x0 linker stubs

.v4_bx          0x08001118        0x0
 .v4_bx         0x08001118        0x0 linker stubs

.iplt           0x08001118        0x0
 .iplt          0x08001118        0x0 /usr/lib/gcc/arm-none-eabi/14.2.1/thumb/v7e-m/nofp/crtbegin.o

.rodata         0x08001118       0xc8
                0x08001118                        . = ALIGN (0x4)
 *(.rodata)
 *(.rodata*)
 .rodata.str1.1
                0x08001118       0xc5 objdir-CWLITEARM/basic-passwdcheck.o
                0x080011e0                        . = ALIGN (0x4)
 *fill*         0x080011dd        0x3 

.rel.dyn        0x080011e0        0x0
 .rel.iplt      0x080011e0        0x0 /usr/lib/gcc/arm-none-eabi/14.2.1/thumb/v7e-m/nofp/crtbegin.o

.ARM.extab      0x080011e0        0x0
                0x080011e0                        . = ALIGN (0x4)
 *(.ARM.extab* .gnu.linkonce.armextab.*)
                0x080011e0                        . = ALIGN (0x4)

.ARM            0x080011e0        0x0
                0x080011e0                        . = ALIGN (0x4)
                0x080011e0                        __exidx_start = .
 *(.ARM.exidx*)
                0x080011e0                        __exidx_end = .
                0x080011e0                        . = ALIGN (0x4)

.preinit_array  0x080011e0        0x0
                0x080011e0                        . = ALIGN (0x4)
                0x080011e0                        PROVIDE (__preinit_array_start = .)
 *(.preinit_array*)
                0x080011e0                        PROVIDE (__preinit_array_end = .)
                0x080011e0                        . = ALIGN (0x4)

.init_array     0x080011e0        0x4
                0x080011e0                        . = ALIGN (0x4)
                0x080011e0                        PROVIDE (__init_array_start = .)
 *(SORT_BY_NAME(.init_array.*))
 *(.init_array*)
 .init_array    0x080011e0        0x4 /usr/lib/gcc/arm-none-eabi/14.2.1/thumb/v7e-m/nofp/crtbegin.o
                0x080011e4                        PROVIDE (__init_array_end = .)
                0x080011e4                        . = ALIGN (0x4)

.fini_array     0x080011e4        0x4
                0x080011e4                        . = ALIGN (0x4)
                0x080011e4                        PROVIDE (__fini_array_start = .)
 *(SORT_BY_NAME(.fini_array.*))
 *(.fini_array*)
 .fini_array    0x080011e4        0x4 /usr/lib/gcc/arm-none-eabi/14.2.1/thumb/v7e-m/nofp/crtbegin.o
                0x080011e8                        PROVIDE (__fini_array_end = .)
                0x080011e8                        . = ALIGN (0x4)
                0x080011e8                        _sidata = LOADADDR (.data)

.data           0x20000000        0x0 load address 0x080011e8
                0x20000000                        . = ALIGN (0x4)
                0x20000000                        _sdata = .
 *(.data)
 *(.data*)
                0x20000000                        . = ALIGN (0x4)
                0x20000000                        _edata = .

.tm_clone_table
                0x20000000        0x0 load address 0x080011e8
 .tm_clone_table
                0x20000000        0x0 /usr/lib/gcc/arm-none-eabi/14.2.1/thumb/v7e-m/nofp/crtbegin.o
 .tm_clone_table
                0x20000000        0x0 /usr/lib/gcc/arm-none-eabi/14.2.1/thumb/v7e-m/nofp/crtend.o

.igot.plt       0x20000000        0x0 load address 0x080011e8
 .igot.plt      0x20000000        0x0 /usr/lib/gcc/arm-none-eabi/14.2.1/thumb/v7e-m/nofp/crtbegin.o
                0x20000000                        . = ALIGN (0x4)

.bss            0x20000000       0x94 load address 0x080011e8
                0x20000000                        _sbss = .
                0x20000000                        __bss_start__ = _sbss
 *(.bss)
 .bss           0x20000000       0x1c /usr/lib/gcc/arm-none-eabi/14.2.1/thumb/v7e-m/nofp/crtbegin.o
 .bss           0x2000001c       0x70 objdir-CWLITEARM/stm32f3_hal.o
                0x2000001c                UartHandle
 .bss           0x2000008c        0x8 objdir-CWLITEARM/stm32f3_hal_lowlevel.o
                0x2000008c                hal_sys_tick
                0x20000090                uwTick
 *(.bss*)
 *(COMMON)
                0x20000094                        . = ALIGN (0x4)
                0x20000094                        _ebss = .
                0x20000094                        __bss_end__ = _ebss

._user_heap_stack
                0x20000094      0x404 load address 0x080011e8
                0x20000098                        . = ALIGN (0x8)
 *fill*         0x20000094        0x4 
                0x20000098                        PROVIDE (end = .)
                [!provide]                        PROVIDE (_end = .)
                0x20000098                        . = (. + _Min_Heap_Size)
                0x20000498                        . = (. + _Min_Stack_Size)
 *fill*         0x20000098      0x400 
                0x20000498                        . = ALIGN (0x8)

/DISCARD/
 libc.a(*)
 libm.a(*)
 libgcc.a(*)

.ARM.attributes
                0x00000000       0x2a
 *(.ARM.attributes)
 .ARM.attributes
                0x00000000       0x1e /usr/lib/gcc/arm-none-eabi/14.2.1/thumb/v7e-m/nofp/crti.o
 .ARM.attributes
                0x0000001e       0x2e /usr/lib/gcc/arm-none-eabi/14.2.1/thumb/v7e-m/nofp/crtbegin.o
 .ARM.attributes
                0x0000004c       0x2e objdir-CWLITEARM/basic-passwdcheck.o
 .ARM.attributes
                0x0000007a       0x2e objdir-CWLITEARM/stm32f3_hal.o
 .ARM.attributes
                0x000000a8       0x2e objdir-CWLITEARM/stm32f3_hal_lowlevel.o
 .ARM.attributes
                0x000000d6       0x21 objdir-CWLITEARM/stm32f3_startup.o
 .ARM.attributes
                0x000000f7       0x2e /usr/lib/gcc/arm-none-eabi/14.2.1/../../../arm-none-eabi/lib/thumb/v7e-m/nofp/libg_nano.a(libc_a-init.o)
 .ARM.attributes
                0x00000125       0x2e /usr/lib/gcc/arm-none-eabi/14.2.1/thumb/v7e-m/nofp/crtend.o
 .ARM.attributes
                0x00000153       0x1e /usr/lib/gcc/arm-none-eabi/14.2.1/thumb/v7e-m/nofp/crtn.o
OUTPUT(basic-passwdcheck-CWLITEARM.elf elf32-littlearm)
LOAD linker stubs
LOAD /usr/lib/gcc/arm-none-eabi/14.2.1/../../../arm-none-eabi/lib/thumb/v7e-m/nofp/libc.a
LOAD /usr/lib/gcc/arm-none-eabi/14.2.1/../../../arm-none-eabi/lib/thumb/v7e-m/nofp/libm.a
LOAD /usr/lib/gcc/arm-none-eabi/14.2.1/thumb/v7e-m/nofp/libgcc.a

.comment        0x00000000       0x4c
 .comment       0x00000000       0x4c /usr/lib/gcc/arm-none-eabi/14.2.1/thumb/v7e-m/nofp/crtbegin.o
                                 0x27 (size before relaxing)
 .comment       0x0000004c        0x0 objdir-CWLITEARM/basic-passwdcheck.o
                                 0x27 (size before relaxing)
 .comment       0x0000004c        0x0 objdir-CWLITEARM/stm32f3_hal.o
                                 0x27 (size before relaxing)
 .comment       0x0000004c        0x0 objdir-CWLITEARM/stm32f3_hal_lowlevel.o
                                 0x27 (size before relaxing)
 .comment       0x0000004c        0x0 /usr/lib/gcc/arm-none-eabi/14.2.1/../../../arm-none-eabi/lib/thumb/v7e-m/nofp/libg_nano.a(libc_a-init.o)
                                 0x27 (size before relaxing)
 .comment       0x0000004c        0x0 /usr/lib/gcc/arm-none-eabi/14.2.1/thumb/v7e-m/nofp/crtend.o
                                 0x27 (size before relaxing)

.debug_info     0x00000000     0x3936
 .debug_info    0x00000000      0x447 objdir-CWLITEARM/basic-passwdcheck.o
 .debug_info    0x00000447      0xf30 objdir-CWLITEARM/stm32f3_hal.o
 .debug_info    0x00001377     0x24b4 objdir-CWLITEARM/stm32f3_hal_lowlevel.o
 .debug_info    0x0000382b      0x10b /usr/lib/gcc/arm-none-eabi/14.2.1/../../../arm-none-eabi/lib/thumb/v7e-m/nofp/libg_nano.a(libc_a-init.o)

.debug_abbrev   0x00000000      0x95f
 .debug_abbrev  0x00000000      0x1d2 objdir-CWLITEARM/basic-passwdcheck.o
 .debug_abbrev  0x000001d2      0x24c objdir-CWLITEARM/stm32f3_hal.o
 .debug_abbrev  0x0000041e      0x478 objdir-CWLITEARM/stm32f3_hal_lowlevel.o
 .debug_abbrev  0x00000896       0xc9 /usr/lib/gcc/arm-none-eabi/14.2.1/../../../arm-none-eabi/lib/thumb/v7e-m/nofp/libg_nano.a(libc_a-init.o)

.debug_loc      0x00000000     0x1a21
 .debug_loc     0x00000000      0x264 objdir-CWLITEARM/basic-passwdcheck.o
 .debug_loc     0x00000264      0x1b6 objdir-CWLITEARM/stm32f3_hal.o
 .debug_loc     0x0000041a     0x1607 objdir-CWLITEARM/stm32f3_hal_lowlevel.o

.debug_aranges  0x00000000      0x158
 .debug_aranges
                0x00000000       0x38 objdir-CWLITEARM/basic-passwdcheck.o
 .debug_aranges
                0x00000038       0x60 objdir-CWLITEARM/stm32f3_hal.o
 .debug_aranges
                0x00000098       0xa0 objdir-CWLITEARM/stm32f3_hal_lowlevel.o
 .debug_aranges
                0x00000138       0x20 /usr/lib/gcc/arm-none-eabi/14.2.1/../../../arm-none-eabi/lib/thumb/v7e-m/nofp/libg_nano.a(libc_a-init.o)

.debug_ranges   0x00000000      0x3a0
 .debug_ranges  0x00000000       0xd0 objdir-CWLITEARM/basic-passwdcheck.o
 .debug_ranges  0x000000d0       0xc0 objdir-CWLITEARM/stm32f3_hal.o
 .debug_ranges  0x00000190      0x210 objdir-CWLITEARM/stm32f3_hal_lowlevel.o

.debug_line     0x00000000     0x1de7
 .debug_line    0x00000000      0x238 objdir-CWLITEARM/basic-passwdcheck.o
 .debug_line    0x00000238      0x346 objdir-CWLITEARM/stm32f3_hal.o
 .debug_line    0x0000057e     0x174b objdir-CWLITEARM/stm32f3_hal_lowlevel.o
 .debug_line    0x00001cc9      0x11e /usr/lib/gcc/arm-none-eabi/14.2.1/../../../arm-none-eabi/lib/thumb/v7e-m/nofp/libg_nano.a(libc_a-init.o)

.debug_str      0x00000000     0x1317
 .debug_str     0x00000000     0x1317 objdir-CWLITEARM/basic-passwdcheck.o
                                0x25d (size before relaxing)
 .debug_str     0x00001317        0x0 objdir-CWLITEARM/stm32f3_hal.o
                                0x943 (size before relaxing)
 .debug_str     0x00001317        0x0 objdir-CWLITEARM/stm32f3_hal_lowlevel.o
                               0x1162 (size before relaxing)
 .debug_str     0x00001317        0x0 /usr/lib/gcc/arm-none-eabi/14.2.1/../../../arm-none-eabi/lib/thumb/v7e-m/nofp/libg_nano.a(libc_a-init.o)
                                0x1f8 (size before relaxing)

.debug_frame    0x00000000      0x374
 .debug_frame   0x00000000       0x7c objdir-CWLITEARM/basic-passwdcheck.o
 .debug_frame   0x0000007c       0xec objdir-CWLITEARM/stm32f3_hal.o
 .debug_frame   0x00000168      0x1e0 objdir-CWLITEARM/stm32f3_hal_lowlevel.o
 .debug_frame   0x00000348       0x2c /usr/lib/gcc/arm-none-eabi/14.2.1/../../../arm-none-eabi/lib/thumb/v7e-m/nofp/libg_nano.a(libc_a-init.o)

.stab           0x00000000      0x144
 .stab          0x00000000      0x144 objdir-CWLITEARM/stm32f3_startup.o

.stabstr        0x00000000       0x35
 .stabstr       0x00000000       0x35 objdir-CWLITEARM/stm32f3_startup.o

.debug_loclists
                0x00000000       0x65
 .debug_loclists
                0x00000000       0x65 /usr/lib/gcc/arm-none-eabi/14.2.1/../../../arm-none-eabi/lib/thumb/v7e-m/nofp/libg_nano.a(libc_a-init.o)

Cross Reference Table

Symbol                                            File
BusFault_Handler                                  objdir-CWLITEARM/stm32f3_startup.o
DebugMon_Handler                                  objdir-CWLITEARM/stm32f3_startup.o
Default_Handler                                   objdir-CWLITEARM/stm32f3_startup.o
HAL_GPIO_Init                                     objdir-CWLITEARM/stm32f3_hal_lowlevel.o
                                                  objdir-CWLITEARM/stm32f3_hal.o
HAL_GPIO_WritePin                                 objdir-CWLITEARM/stm32f3_hal_lowlevel.o
                                                  objdir-CWLITEARM/stm32f3_hal.o
HAL_GetTick                                       objdir-CWLITEARM/stm32f3_hal_lowlevel.o
HAL_IncTick                                       objdir-CWLITEARM/stm32f3_hal_lowlevel.o
HAL_InitTick                                      objdir-CWLITEARM/stm32f3_hal_lowlevel.o
HAL_NVIC_SetPriority                              objdir-CWLITEARM/stm32f3_hal_lowlevel.o
HAL_RCC_ClockConfig                               objdir-CWLITEARM/stm32f3_hal_lowlevel.o
                                                  objdir-CWLITEARM/stm32f3_hal.o
HAL_RCC_GetPCLK1Freq                              objdir-CWLITEARM/stm32f3_hal_lowlevel.o
HAL_RCC_GetPCLK2Freq                              objdir-CWLITEARM/stm32f3_hal_lowlevel.o
HAL_RCC_GetSysClockFreq                           objdir-CWLITEARM/stm32f3_hal_lowlevel.o
HAL_RCC_OscConfig                                 objdir-CWLITEARM/stm32f3_hal_lowlevel.o
                                                  objdir-CWLITEARM/stm32f3_hal.o
HAL_UART_Init                                     objdir-CWLITEARM/stm32f3_hal_lowlevel.o
                                                  objdir-CWLITEARM/stm32f3_hal.o
HAL_UART_Receive                                  objdir-CWLITEARM/stm32f3_hal_lowlevel.o
                                                  objdir-CWLITEARM/stm32f3_hal.o
HAL_UART_Transmit                                 objdir-CWLITEARM/stm32f3_hal_lowlevel.o
                                                  objdir-CWLITEARM/stm32f3_hal.o
HardFault_Handler                                 objdir-CWLITEARM/stm32f3_startup.o
MemManage_Handler                                 objdir-CWLITEARM/stm32f3_startup.o
NMI_Handler                                       objdir-CWLITEARM/stm32f3_startup.o
PendSV_Handler                                    objdir-CWLITEARM/stm32f3_startup.o
Reset_Handler                                     objdir-CWLITEARM/stm32f3_startup.o
SVC_Handler                                       objdir-CWLITEARM/stm32f3_startup.o
SysTick_Handler                                   objdir-CWLITEARM/stm32f3_startup.o
SystemCoreClock                                   objdir-CWLITEARM/stm32f3_hal_lowlevel.o
SystemInit                                        objdir-CWLITEARM/stm32f3_startup.o
UART_CheckIdleState                               objdir-CWLITEARM/stm32f3_hal_lowlevel.o
UART_SetConfig                                    objdir-CWLITEARM/stm32f3_hal_lowlevel.o
UART_WaitOnFlagUntilTimeout                       objdir-CWLITEARM/stm32f3_hal_lowlevel.o
UartHandle                                        objdir-CWLITEARM/stm32f3_hal.o
UsageFault_Handler                                objdir-CWLITEARM/stm32f3_startup.o
_ITM_deregisterTMCloneTable                       /usr/lib/gcc/arm-none-eabi/14.2.1/thumb/v7e-m/nofp/crtbegin.o
_ITM_registerTMCloneTable                         /usr/lib/gcc/arm-none-eabi/14.2.1/thumb/v7e-m/nofp/crtbegin.o
__TMC_END__                                       /usr/lib/gcc/arm-none-eabi/14.2.1/thumb/v7e-m/nofp/crtend.o
                                                  /usr/lib/gcc/arm-none-eabi/14.2.1/thumb/v7e-m/nofp/crtbegin.o
__atexit                                          /usr/lib/gcc/arm-none-eabi/14.2.1/../../../arm-none-eabi/lib/thumb/v7e-m/nofp/libg_nano.a(libc_a-__call_atexit.o)
                                                  /usr/lib/gcc/arm-none-eabi/14.2.1/../../../arm-none-eabi/lib/thumb/v7e-m/nofp/libg_nano.a(libc_a-__atexit.o)
__atexit0                                         /usr/lib/gcc/arm-none-eabi/14.2.1/../../../arm-none-eabi/lib/thumb/v7e-m/nofp/libg_nano.a(libc_a-__atexit.o)
__atexit_dummy                                    /usr/lib/gcc/arm-none-eabi/14.2.1/../../../arm-none-eabi/lib/thumb/v7e-m/nofp/libg_nano.a(libc_a-__atexit.o)
__bss_end__                                       /usr/lib/gcc/arm-none-eabi/14.2.1/../../../arm-none-eabi/lib/thumb/v7e-m/nofp/crt0.o
__bss_start__                                     /usr/lib/gcc/arm-none-eabi/14.2.1/../../../arm-none-eabi/lib/thumb/v7e-m/nofp/crt0.o
__call_exitprocs                                  /usr/lib/gcc/arm-none-eabi/14.2.1/../../../arm-none-eabi/lib/thumb/v7e-m/nofp/libg_nano.a(libc_a-__call_atexit.o)
                                                  /usr/lib/gcc/arm-none-eabi/14.2.1/../../../arm-none-eabi/lib/thumb/v7e-m/nofp/libg_nano.a(libc_a-__atexit.o)
                                                  /usr/lib/gcc/arm-none-eabi/14.2.1/../../../arm-none-eabi/lib/thumb/v7e-m/nofp/libg_nano.a(libc_a-exit.o)
__deregister_frame_info                           /usr/lib/gcc/arm-none-eabi/14.2.1/thumb/v7e-m/nofp/crtbegin.o
__dso_handle                                      /usr/lib/gcc/arm-none-eabi/14.2.1/thumb/v7e-m/nofp/crtbegin.o
__errno                                           /usr/lib/gcc/arm-none-eabi/14.2.1/../../../arm-none-eabi/lib/thumb/v7e-m/nofp/libg_nano.a(libc_a-errno.o)
                                                  objdir-CWLITEARM/stm32f3_sysmem.o
__fini_array_end                                  /usr/lib/gcc/arm-none-eabi/14.2.1/../../../arm-none-eabi/lib/thumb/v7e-m/nofp/libg_nano.a(libc_a-fini.o)
__fini_array_start                                /usr/lib/gcc/arm-none-eabi/14.2.1/../../../arm-none-eabi/lib/thumb/v7e-m/nofp/libg_nano.a(libc_a-fini.o)
__fp_lock_all                                     /usr/lib/gcc/arm-none-eabi/14.2.1/../../../arm-none-eabi/lib/thumb/v7e-m/nofp/libg_nano.a(libc_a-findfp.o)
__fp_unlock_all                                   /usr/lib/gcc/arm-none-eabi/14.2.1/../../../arm-none-eabi/lib/thumb/v7e-m/nofp/libg_nano.a(libc_a-findfp.o)
__init_array_end                                  /usr/lib/gcc/arm-none-eabi/14.2.1/../../../arm-none-eabi/lib/thumb/v7e-m/nofp/libg_nano.a(libc_a-init.o)
__init_array_start                                /usr/lib/gcc/arm-none-eabi/14.2.1/../../../arm-none-eabi/lib/thumb/v7e-m/nofp/libg_nano.a(libc_a-init.o)
__libc_fini_array                                 /usr/lib/gcc/arm-none-eabi/14.2.1/../../../arm-none-eabi/lib/thumb/v7e-m/nofp/libg_nano.a(libc_a-fini.o)
                                                  /usr/lib/gcc/arm-none-eabi/14.2.1/../../../arm-none-eabi/lib/thumb/v7e-m/nofp/crt0.o
__libc_init_array                                 /usr/lib/gcc/arm-none-eabi/14.2.1/../../../arm-none-eabi/lib/thumb/v7e-m/nofp/libg_nano.a(libc_a-init.o)
                                                  objdir-CWLITEARM/stm32f3_startup.o
                                                  /usr/lib/gcc/arm-none-eabi/14.2.1/../../../arm-none-eabi/lib/thumb/v7e-m/nofp/crt0.o
__malloc_free_list                                /usr/lib/gcc/arm-none-eabi/14.2.1/../../../arm-none-eabi/lib/thumb/v7e-m/nofp/libg_nano.a(libc_a-mallocr.o)
                                                  /usr/lib/gcc/arm-none-eabi/14.2.1/../../../arm-none-eabi/lib/thumb/v7e-m/nofp/libg_nano.a(libc_a-freer.o)
__malloc_lock                                     /usr/lib/gcc/arm-none-eabi/14.2.1/../../../arm-none-eabi/lib/thumb/v7e-m/nofp/libg_nano.a(libc_a-mlock.o)
                                                  /usr/lib/gcc/arm-none-eabi/14.2.1/../../../arm-none-eabi/lib/thumb/v7e-m/nofp/libg_nano.a(libc_a-freer.o)
                                                  /usr/lib/gcc/arm-none-eabi/14.2.1/../../../arm-none-eabi/lib/thumb/v7e-m/nofp/libg_nano.a(libc_a-mallocr.o)
__malloc_sbrk_start                               /usr/lib/gcc/arm-none-eabi/14.2.1/../../../arm-none-eabi/lib/thumb/v7e-m/nofp/libg_nano.a(libc_a-mallocr.o)
__malloc_unlock                                   /usr/lib/gcc/arm-none-eabi/14.2.1/../../../arm-none-eabi/lib/thumb/v7e-m/nofp/libg_nano.a(libc_a-mlock.o)
                                                  /usr/lib/gcc/arm-none-eabi/14.2.1/../../../arm-none-eabi/lib/thumb/v7e-m/nofp/libg_nano.a(libc_a-freer.o)
                                                  /usr/lib/gcc/arm-none-eabi/14.2.1/../../../arm-none-eabi/lib/thumb/v7e-m/nofp/libg_nano.a(libc_a-mallocr.o)
__on_exit_args                                    /usr/lib/gcc/arm-none-eabi/14.2.1/../../../arm-none-eabi/lib/thumb/v7e-m/nofp/libg_nano.a(libc_a-__atexit.o)
__preinit_array_end                               /usr/lib/gcc/arm-none-eabi/14.2.1/../../../arm-none-eabi/lib/thumb/v7e-m/nofp/libg_nano.a(libc_a-init.o)
__preinit_array_start                             /usr/lib/gcc/arm-none-eabi/14.2.1/../../../arm-none-eabi/lib/thumb/v7e-m/nofp/libg_nano.a(libc_a-init.o)
__register_exitproc                               /usr/lib/gcc/arm-none-eabi/14.2.1/../../../arm-none-eabi/lib/thumb/v7e-m/nofp/libg_nano.a(libc_a-__atexit.o)
                                                  /usr/lib/gcc/arm-none-eabi/14.2.1/../../../arm-none-eabi/lib/thumb/v7e-m/nofp/libg_nano.a(libc_a-atexit.o)
__register_frame_info                             /usr/lib/gcc/arm-none-eabi/14.2.1/thumb/v7e-m/nofp/crtbegin.o
__sclose                                          /usr/lib/gcc/arm-none-eabi/14.2.1/../../../arm-none-eabi/lib/thumb/v7e-m/nofp/libg_nano.a(libc_a-stdio.o)
                                                  /usr/lib/gcc/arm-none-eabi/14.2.1/../../../arm-none-eabi/lib/thumb/v7e-m/nofp/libg_nano.a(libc_a-findfp.o)
__seofread                                        /usr/lib/gcc/arm-none-eabi/14.2.1/../../../arm-none-eabi/lib/thumb/v7e-m/nofp/libg_nano.a(libc_a-stdio.o)
__sf                                              /usr/lib/gcc/arm-none-eabi/14.2.1/../../../arm-none-eabi/lib/thumb/v7e-m/nofp/libg_nano.a(libc_a-findfp.o)
                                                  /usr/lib/gcc/arm-none-eabi/14.2.1/../../../arm-none-eabi/lib/thumb/v7e-m/nofp/libg_nano.a(libc_a-impure.o)
__sflush_r                                        /usr/lib/gcc/arm-none-eabi/14.2.1/../../../arm-none-eabi/lib/thumb/v7e-m/nofp/libg_nano.a(libc_a-fflush.o)
__sfp                                             /usr/lib/gcc/arm-none-eabi/14.2.1/../../../arm-none-eabi/lib/thumb/v7e-m/nofp/libg_nano.a(libc_a-findfp.o)
__sfp_lock_acquire                                /usr/lib/gcc/arm-none-eabi/14.2.1/../../../arm-none-eabi/lib/thumb/v7e-m/nofp/libg_nano.a(libc_a-findfp.o)
__sfp_lock_release                                /usr/lib/gcc/arm-none-eabi/14.2.1/../../../arm-none-eabi/lib/thumb/v7e-m/nofp/libg_nano.a(libc_a-findfp.o)
__sglue                                           /usr/lib/gcc/arm-none-eabi/14.2.1/../../../arm-none-eabi/lib/thumb/v7e-m/nofp/libg_nano.a(libc_a-findfp.o)
                                                  /usr/lib/gcc/arm-none-eabi/14.2.1/../../../arm-none-eabi/lib/thumb/v7e-m/nofp/libg_nano.a(libc_a-fflush.o)
__sinit                                           /usr/lib/gcc/arm-none-eabi/14.2.1/../../../arm-none-eabi/lib/thumb/v7e-m/nofp/libg_nano.a(libc_a-findfp.o)
                                                  /usr/lib/gcc/arm-none-eabi/14.2.1/../../../arm-none-eabi/lib/thumb/v7e-m/nofp/libg_nano.a(libc_a-fflush.o)
__sread                                           /usr/lib/gcc/arm-none-eabi/14.2.1/../../../arm-none-eabi/lib/thumb/v7e-m/nofp/libg_nano.a(libc_a-stdio.o)
                                                  /usr/lib/gcc/arm-none-eabi/14.2.1/../../../arm-none-eabi/lib/thumb/v7e-m/nofp/libg_nano.a(libc_a-findfp.o)
__sseek                                           /usr/lib/gcc/arm-none-eabi/14.2.1/../../../arm-none-eabi/lib/thumb/v7e-m/nofp/libg_nano.a(libc_a-stdio.o)
                                                  /usr/lib/gcc/arm-none-eabi/14.2.1/../../../arm-none-eabi/lib/thumb/v7e-m/nofp/libg_nano.a(libc_a-findfp.o)
__stack                                           /usr/lib/gcc/arm-none-eabi/14.2.1/../../../arm-none-eabi/lib/thumb/v7e-m/nofp/crt0.o
__stdio_exit_handler                              /usr/lib/gcc/arm-none-eabi/14.2.1/../../../arm-none-eabi/lib/thumb/v7e-m/nofp/libg_nano.a(libc_a-findfp.o)
                                                  /usr/lib/gcc/arm-none-eabi/14.2.1/../../../arm-none-eabi/lib/thumb/v7e-m/nofp/libg_nano.a(libc_a-exit.o)
__swrite                                          /usr/lib/gcc/arm-none-eabi/14.2.1/../../../arm-none-eabi/lib/thumb/v7e-m/nofp/libg_nano.a(libc_a-stdio.o)
                                                  /usr/lib/gcc/arm-none-eabi/14.2.1/../../../arm-none-eabi/lib/thumb/v7e-m/nofp/libg_nano.a(libc_a-findfp.o)
_close                                            objdir-CWLITEARM/hal.o
                                                  /usr/lib/gcc/arm-none-eabi/14.2.1/../../../arm-none-eabi/lib/thumb/v7e-m/nofp/libg_nano.a(libc_a-closer.o)
_close_r                                          /usr/lib/gcc/arm-none-eabi/14.2.1/../../../arm-none-eabi/lib/thumb/v7e-m/nofp/libg_nano.a(libc_a-closer.o)
                                                  /usr/lib/gcc/arm-none-eabi/14.2.1/../../../arm-none-eabi/lib/thumb/v7e-m/nofp/libg_nano.a(libc_a-stdio.o)
_ebss                                             objdir-CWLITEARM/stm32f3_startup.o
_edata                                            objdir-CWLITEARM/stm32f3_startup.o
_estack                                           objdir-CWLITEARM/stm32f3_startup.o
_exit                                             /usr/lib/gcc/arm-none-eabi/14.2.1/../../../arm-none-eabi/lib/thumb/v7e-m/nofp/libnosys.a(_exit.o)
                                                  /usr/lib/gcc/arm-none-eabi/14.2.1/../../../arm-none-eabi/lib/thumb/v7e-m/nofp/libg_nano.a(libc_a-exit.o)
_fflush_r                                         /usr/lib/gcc/arm-none-eabi/14.2.1/../../../arm-none-eabi/lib/thumb/v7e-m/nofp/libg_nano.a(libc_a-fflush.o)
                                                  /usr/lib/gcc/arm-none-eabi/14.2.1/../../../arm-none-eabi/lib/thumb/v7e-m/nofp/libg_nano.a(libc_a-findfp.o)
_fini                                             /usr/lib/gcc/arm-none-eabi/14.2.1/thumb/v7e-m/nofp/crti.o
                                                  /usr/lib/gcc/arm-none-eabi/14.2.1/../../../arm-none-eabi/lib/thumb/v7e-m/nofp/libg_nano.a(libc_a-fini.o)
_free_r                                           /usr/lib/gcc/arm-none-eabi/14.2.1/../../../arm-none-eabi/lib/thumb/v7e-m/nofp/libg_nano.a(libc_a-freer.o)
                                                  /usr/lib/gcc/arm-none-eabi/14.2.1/../../../arm-none-eabi/lib/thumb/v7e-m/nofp/libg_nano.a(libc_a-reent.o)
                                                  /usr/lib/gcc/arm-none-eabi/14.2.1/../../../arm-none-eabi/lib/thumb/v7e-m/nofp/libg_nano.a(libc_a-fflush.o)
_fstat                                            objdir-CWLITEARM/hal.o
_fwalk_sglue                                      /usr/lib/gcc/arm-none-eabi/14.2.1/../../../arm-none-eabi/lib/thumb/v7e-m/nofp/libg_nano.a(libc_a-fwalk.o)
                                                  /usr/lib/gcc/arm-none-eabi/14.2.1/../../../arm-none-eabi/lib/thumb/v7e-m/nofp/libg_nano.a(libc_a-fflush.o)
                                                  /usr/lib/gcc/arm-none-eabi/14.2.1/../../../arm-none-eabi/lib/thumb/v7e-m/nofp/libg_nano.a(libc_a-findfp.o)
_getpid                                           objdir-CWLITEARM/hal.o
_impure_data                                      /usr/lib/gcc/arm-none-eabi/14.2.1/../../../arm-none-eabi/lib/thumb/v7e-m/nofp/libg_nano.a(libc_a-impure.o)
                                                  /usr/lib/gcc/arm-none-eabi/14.2.1/../../../arm-none-eabi/lib/thumb/v7e-m/nofp/libg_nano.a(libc_a-fflush.o)
                                                  /usr/lib/gcc/arm-none-eabi/14.2.1/../../../arm-none-eabi/lib/thumb/v7e-m/nofp/libg_nano.a(libc_a-findfp.o)
_impure_ptr                                       /usr/lib/gcc/arm-none-eabi/14.2.1/../../../arm-none-eabi/lib/thumb/v7e-m/nofp/libg_nano.a(libc_a-impure.o)
                                                  /usr/lib/gcc/arm-none-eabi/14.2.1/../../../arm-none-eabi/lib/thumb/v7e-m/nofp/libg_nano.a(libc_a-reent.o)
                                                  /usr/lib/gcc/arm-none-eabi/14.2.1/../../../arm-none-eabi/lib/thumb/v7e-m/nofp/libg_nano.a(libc_a-fflush.o)
                                                  /usr/lib/gcc/arm-none-eabi/14.2.1/../../../arm-none-eabi/lib/thumb/v7e-m/nofp/libg_nano.a(libc_a-errno.o)
_init                                             /usr/lib/gcc/arm-none-eabi/14.2.1/thumb/v7e-m/nofp/crti.o
                                                  /usr/lib/gcc/arm-none-eabi/14.2.1/../../../arm-none-eabi/lib/thumb/v7e-m/nofp/libg_nano.a(libc_a-init.o)
_isatty                                           objdir-CWLITEARM/hal.o
_kill                                             objdir-CWLITEARM/hal.o
_lseek                                            objdir-CWLITEARM/hal.o
                                                  /usr/lib/gcc/arm-none-eabi/14.2.1/../../../arm-none-eabi/lib/thumb/v7e-m/nofp/libg_nano.a(libc_a-lseekr.o)
_lseek_r                                          /usr/lib/gcc/arm-none-eabi/14.2.1/../../../arm-none-eabi/lib/thumb/v7e-m/nofp/libg_nano.a(libc_a-lseekr.o)
                                                  /usr/lib/gcc/arm-none-eabi/14.2.1/../../../arm-none-eabi/lib/thumb/v7e-m/nofp/libg_nano.a(libc_a-stdio.o)
_mainCRTStartup                                   /usr/lib/gcc/arm-none-eabi/14.2.1/../../../arm-none-eabi/lib/thumb/v7e-m/nofp/crt0.o
_malloc_r                                         /usr/lib/gcc/arm-none-eabi/14.2.1/../../../arm-none-eabi/lib/thumb/v7e-m/nofp/libg_nano.a(libc_a-mallocr.o)
                                                  /usr/lib/gcc/arm-none-eabi/14.2.1/../../../arm-none-eabi/lib/thumb/v7e-m/nofp/libg_nano.a(libc_a-findfp.o)
_read                                             objdir-CWLITEARM/hal.o
                                                  /usr/lib/gcc/arm-none-eabi/14.2.1/../../../arm-none-eabi/lib/thumb/v7e-m/nofp/libg_nano.a(libc_a-readr.o)
_read_r                                           /usr/lib/gcc/arm-none-eabi/14.2.1/../../../arm-none-eabi/lib/thumb/v7e-m/nofp/libg_nano.a(libc_a-readr.o)
                                                  /usr/lib/gcc/arm-none-eabi/14.2.1/../../../arm-none-eabi/lib/thumb/v7e-m/nofp/libg_nano.a(libc_a-stdio.o)
_reclaim_reent                                    /usr/lib/gcc/arm-none-eabi/14.2.1/../../../arm-none-eabi/lib/thumb/v7e-m/nofp/libg_nano.a(libc_a-reent.o)
_sbrk                                             objdir-CWLITEARM/stm32f3_sysmem.o
                                                  /usr/lib/gcc/arm-none-eabi/14.2.1/../../../arm-none-eabi/lib/thumb/v7e-m/nofp/libg_nano.a(libc_a-sbrkr.o)
_sbrk_r                                           /usr/lib/gcc/arm-none-eabi/14.2.1/../../../arm-none-eabi/lib/thumb/v7e-m/nofp/libg_nano.a(libc_a-sbrkr.o)
                                                  /usr/lib/gcc/arm-none-eabi/14.2.1/../../../arm-none-eabi/lib/thumb/v7e-m/nofp/libg_nano.a(libc_a-mallocr.o)
_sbss                                             objdir-CWLITEARM/stm32f3_startup.o
_sdata                                            objdir-CWLITEARM/stm32f3_startup.o
_sidata                                           objdir-CWLITEARM/stm32f3_startup.o
_stack_init                                       /usr/lib/gcc/arm-none-eabi/14.2.1/../../../arm-none-eabi/lib/thumb/v7e-m/nofp/crt0.o
_start                                            /usr/lib/gcc/arm-none-eabi/14.2.1/../../../arm-none-eabi/lib/thumb/v7e-m/nofp/crt0.o
_write                                            objdir-CWLITEARM/hal.o
                                                  /usr/lib/gcc/arm-none-eabi/14.2.1/../../../arm-none-eabi/lib/thumb/v7e-m/nofp/libg_nano.a(libc_a-writer.o)
_write_r                                          /usr/lib/gcc/arm-none-eabi/14.2.1/../../../arm-none-eabi/lib/thumb/v7e-m/nofp/libg_nano.a(libc_a-writer.o)
                                                  /usr/lib/gcc/arm-none-eabi/14.2.1/../../../arm-none-eabi/lib/thumb/v7e-m/nofp/libg_nano.a(libc_a-stdio.o)
asciibuf                                          objdir-CWLITEARM/basic-passwdcheck.o
atexit                                            /usr/lib/gcc/arm-none-eabi/14.2.1/../../../arm-none-eabi/lib/thumb/v7e-m/nofp/libg_nano.a(libc_a-atexit.o)
                                                  /usr/lib/gcc/arm-none-eabi/14.2.1/../../../arm-none-eabi/lib/thumb/v7e-m/nofp/crt0.o
change_err_led                                    objdir-CWLITEARM/stm32f3_hal.o
                                                  objdir-CWLITEARM/hal.o
                                                  objdir-CWLITEARM/basic-passwdcheck.o
change_ok_led                                     objdir-CWLITEARM/stm32f3_hal.o
                                                  objdir-CWLITEARM/hal.o
                                                  objdir-CWLITEARM/basic-passwdcheck.o
check_version                                     objdir-CWLITEARM/simpleserial.o
end                                               objdir-CWLITEARM/stm32f3_sysmem.o
errno                                             /usr/lib/gcc/arm-none-eabi/14.2.1/../../../arm-none-eabi/lib/thumb/v7e-m/nofp/libg_nano.a(libc_a-reent.o)
                                                  /usr/lib/gcc/arm-none-eabi/14.2.1/../../../arm-none-eabi/lib/thumb/v7e-m/nofp/libg_nano.a(libc_a-lseekr.o)
                                                  /usr/lib/gcc/arm-none-eabi/14.2.1/../../../arm-none-eabi/lib/thumb/v7e-m/nofp/libg_nano.a(libc_a-closer.o)
                                                  /usr/lib/gcc/arm-none-eabi/14.2.1/../../../arm-none-eabi/lib/thumb/v7e-m/nofp/libg_nano.a(libc_a-writer.o)
                                                  /usr/lib/gcc/arm-none-eabi/14.2.1/../../../arm-none-eabi/lib/thumb/v7e-m/nofp/libg_nano.a(libc_a-readr.o)
                                                  /usr/lib/gcc/arm-none-eabi/14.2.1/../../../arm-none-eabi/lib/thumb/v7e-m/nofp/libg_nano.a(libc_a-sbrkr.o)
exit                                              /usr/lib/gcc/arm-none-eabi/14.2.1/../../../arm-none-eabi/lib/thumb/v7e-m/nofp/libg_nano.a(libc_a-exit.o)
                                                  /usr/lib/gcc/arm-none-eabi/14.2.1/../../../arm-none-eabi/lib/thumb/v7e-m/nofp/crt0.o
fflush                                            /usr/lib/gcc/arm-none-eabi/14.2.1/../../../arm-none-eabi/lib/thumb/v7e-m/nofp/libg_nano.a(libc_a-fflush.o)
g_pfnVectors                                      objdir-CWLITEARM/stm32f3_startup.o
getch                                             objdir-CWLITEARM/stm32f3_hal.o
                                                  objdir-CWLITEARM/simpleserial.o
                                                  objdir-CWLITEARM/basic-passwdcheck.o
hal_sys_tick                                      objdir-CWLITEARM/stm32f3_hal_lowlevel.o
hardware_init_hook                                /usr/lib/gcc/arm-none-eabi/14.2.1/../../../arm-none-eabi/lib/thumb/v7e-m/nofp/crt0.o
hex_decode                                        objdir-CWLITEARM/simpleserial.o
init_uart                                         objdir-CWLITEARM/stm32f3_hal.o
                                                  objdir-CWLITEARM/basic-passwdcheck.o
main                                              objdir-CWLITEARM/basic-passwdcheck.o
                                                  objdir-CWLITEARM/stm32f3_startup.o
                                                  /usr/lib/gcc/arm-none-eabi/14.2.1/../../../arm-none-eabi/lib/thumb/v7e-m/nofp/crt0.o
malloc                                            /usr/lib/gcc/arm-none-eabi/14.2.1/../../../arm-none-eabi/lib/thumb/v7e-m/nofp/libg_nano.a(libc_a-__atexit.o)
memory                                            objdir-CWLITEARM/basic-passwdcheck.o
memset                                            /usr/lib/gcc/arm-none-eabi/14.2.1/../../../arm-none-eabi/lib/thumb/v7e-m/nofp/libg_nano.a(libc_a-memset.o)
                                                  /usr/lib/gcc/arm-none-eabi/14.2.1/../../../arm-none-eabi/lib/thumb/v7e-m/nofp/libg_nano.a(libc_a-findfp.o)
                                                  /usr/lib/gcc/arm-none-eabi/14.2.1/../../../arm-none-eabi/lib/thumb/v7e-m/nofp/crt0.o
my_puts                                           objdir-CWLITEARM/basic-passwdcheck.o
my_read                                           objdir-CWLITEARM/basic-passwdcheck.o
platform_init                                     objdir-CWLITEARM/stm32f3_hal.o
                                                  objdir-CWLITEARM/basic-passwdcheck.o
pt                                                objdir-CWLITEARM/basic-passwdcheck.o
putch                                             objdir-CWLITEARM/stm32f3_hal.o
                                                  objdir-CWLITEARM/simpleserial.o
                                                  objdir-CWLITEARM/basic-passwdcheck.o
simpleserial_addcmd                               objdir-CWLITEARM/simpleserial.o
simpleserial_get                                  objdir-CWLITEARM/simpleserial.o
simpleserial_init                                 objdir-CWLITEARM/simpleserial.o
simpleserial_put                                  objdir-CWLITEARM/simpleserial.o
software_init_hook                                /usr/lib/gcc/arm-none-eabi/14.2.1/../../../arm-none-eabi/lib/thumb/v7e-m/nofp/crt0.o
ss_crc                                            objdir-CWLITEARM/simpleserial.o
ss_get_commands                                   objdir-CWLITEARM/simpleserial.o
ss_puts                                           objdir-CWLITEARM/simpleserial.o
stuff_data                                        objdir-CWLITEARM/simpleserial.o
tmp                                               objdir-CWLITEARM/basic-passwdcheck.o
trigger_high                                      objdir-CWLITEARM/stm32f3_hal.o
                                                  objdir-CWLITEARM/basic-passwdcheck.o
trigger_low                                       objdir-CWLITEARM/stm32f3_hal.o
                                                  objdir-CWLITEARM/basic-passwdcheck.o
trigger_setup                                     objdir-CWLITEARM/stm32f3_hal.o
                                                  objdir-CWLITEARM/basic-passwdcheck.o
unstuff_data                                      objdir-CWLITEARM/simpleserial.o
uwTick                                            objdir-CWLITEARM/stm32f3_hal_lowlevel.o
