Archive member included to satisfy reference by file (symbol)

/usr/lib/gcc/arm-none-eabi/14.2.1/../../../arm-none-eabi/lib/thumb/v7e-m/nofp/libg_nano.a(libc_a-errno.o)
                              objdir-CW308_STM32F3/stm32f3_sysmem.o (__errno)
/usr/lib/gcc/arm-none-eabi/14.2.1/../../../arm-none-eabi/lib/thumb/v7e-m/nofp/libg_nano.a(libc_a-init.o)
                              /usr/lib/gcc/arm-none-eabi/14.2.1/../../../arm-none-eabi/lib/thumb/v7e-m/nofp/crt0.o (__libc_init_array)
/usr/lib/gcc/arm-none-eabi/14.2.1/../../../arm-none-eabi/lib/thumb/v7e-m/nofp/libg_nano.a(libc_a-memset.o)
                              /usr/lib/gcc/arm-none-eabi/14.2.1/../../../arm-none-eabi/lib/thumb/v7e-m/nofp/crt0.o (memset)
/usr/lib/gcc/arm-none-eabi/14.2.1/../../../arm-none-eabi/lib/thumb/v7e-m/nofp/libg_nano.a(libc_a-impure.o)
                              /usr/lib/gcc/arm-none-eabi/14.2.1/../../../arm-none-eabi/lib/thumb/v7e-m/nofp/libg_nano.a(libc_a-errno.o) (_impure_ptr)
/usr/lib/gcc/arm-none-eabi/14.2.1/../../../arm-none-eabi/lib/thumb/v7e-m/nofp/libg_nano.a(libc_a-exit.o)
                              /usr/lib/gcc/arm-none-eabi/14.2.1/../../../arm-none-eabi/lib/thumb/v7e-m/nofp/crt0.o (exit)
/usr/lib/gcc/arm-none-eabi/14.2.1/../../../arm-none-eabi/lib/thumb/v7e-m/nofp/libg_nano.a(libc_a-atexit.o)
                              /usr/lib/gcc/arm-none-eabi/14.2.1/../../../arm-none-eabi/lib/thumb/v7e-m/nofp/crt0.o (atexit)
/usr/lib/gcc/arm-none-eabi/14.2.1/../../../arm-none-eabi/lib/thumb/v7e-m/nofp/libg_nano.a(libc_a-fini.o)
                              /usr/lib/gcc/arm-none-eabi/14.2.1/../../../arm-none-eabi/lib/thumb/v7e-m/nofp/crt0.o (__libc_fini_array)
/usr/lib/gcc/arm-none-eabi/14.2.1/../../../arm-none-eabi/lib/thumb/v7e-m/nofp/libg_nano.a(libc_a-findfp.o)
                              /usr/lib/gcc/arm-none-eabi/14.2.1/../../../arm-none-eabi/lib/thumb/v7e-m/nofp/libg_nano.a(libc_a-exit.o) (__stdio_exit_handler)
/usr/lib/gcc/arm-none-eabi/14.2.1/../../../arm-none-eabi/lib/thumb/v7e-m/nofp/libg_nano.a(libc_a-fflush.o)
                              /usr/lib/gcc/arm-none-eabi/14.2.1/../../../arm-none-eabi/lib/thumb/v7e-m/nofp/libg_nano.a(libc_a-findfp.o) (_fflush_r)
/usr/lib/gcc/arm-none-eabi/14.2.1/../../../arm-none-eabi/lib/thumb/v7e-m/nofp/libg_nano.a(libc_a-mallocr.o)
                              /usr/lib/gcc/arm-none-eabi/14.2.1/../../../arm-none-eabi/lib/thumb/v7e-m/nofp/libg_nano.a(libc_a-findfp.o) (_malloc_r)
/usr/lib/gcc/arm-none-eabi/14.2.1/../../../arm-none-eabi/lib/thumb/v7e-m/nofp/libg_nano.a(libc_a-freer.o)
                              /usr/lib/gcc/arm-none-eabi/14.2.1/../../../arm-none-eabi/lib/thumb/v7e-m/nofp/libg_nano.a(libc_a-fflush.o) (_free_r)
/usr/lib/gcc/arm-none-eabi/14.2.1/../../../arm-none-eabi/lib/thumb/v7e-m/nofp/libg_nano.a(libc_a-fwalk.o)
                              /usr/lib/gcc/arm-none-eabi/14.2.1/../../../arm-none-eabi/lib/thumb/v7e-m/nofp/libg_nano.a(libc_a-findfp.o) (_fwalk_sglue)
/usr/lib/gcc/arm-none-eabi/14.2.1/../../../arm-none-eabi/lib/thumb/v7e-m/nofp/libg_nano.a(libc_a-__atexit.o)
                              /usr/lib/gcc/arm-none-eabi/14.2.1/../../../arm-none-eabi/lib/thumb/v7e-m/nofp/libg_nano.a(libc_a-atexit.o) (__register_exitproc)
/usr/lib/gcc/arm-none-eabi/14.2.1/../../../arm-none-eabi/lib/thumb/v7e-m/nofp/libg_nano.a(libc_a-mlock.o)
                              /usr/lib/gcc/arm-none-eabi/14.2.1/../../../arm-none-eabi/lib/thumb/v7e-m/nofp/libg_nano.a(libc_a-mallocr.o) (__malloc_lock)
/usr/lib/gcc/arm-none-eabi/14.2.1/../../../arm-none-eabi/lib/thumb/v7e-m/nofp/libg_nano.a(libc_a-sbrkr.o)
                              /usr/lib/gcc/arm-none-eabi/14.2.1/../../../arm-none-eabi/lib/thumb/v7e-m/nofp/libg_nano.a(libc_a-mallocr.o) (_sbrk_r)
/usr/lib/gcc/arm-none-eabi/14.2.1/../../../arm-none-eabi/lib/thumb/v7e-m/nofp/libg_nano.a(libc_a-stdio.o)
                              /usr/lib/gcc/arm-none-eabi/14.2.1/../../../arm-none-eabi/lib/thumb/v7e-m/nofp/libg_nano.a(libc_a-findfp.o) (__sread)
/usr/lib/gcc/arm-none-eabi/14.2.1/../../../arm-none-eabi/lib/thumb/v7e-m/nofp/libg_nano.a(libc_a-readr.o)
                              /usr/lib/gcc/arm-none-eabi/14.2.1/../../../arm-none-eabi/lib/thumb/v7e-m/nofp/libg_nano.a(libc_a-stdio.o) (_read_r)
/usr/lib/gcc/arm-none-eabi/14.2.1/../../../arm-none-eabi/lib/thumb/v7e-m/nofp/libg_nano.a(libc_a-writer.o)
                              /usr/lib/gcc/arm-none-eabi/14.2.1/../../../arm-none-eabi/lib/thumb/v7e-m/nofp/libg_nano.a(libc_a-stdio.o) (_write_r)
/usr/lib/gcc/arm-none-eabi/14.2.1/../../../arm-none-eabi/lib/thumb/v7e-m/nofp/libg_nano.a(libc_a-closer.o)
                              /usr/lib/gcc/arm-none-eabi/14.2.1/../../../arm-none-eabi/lib/thumb/v7e-m/nofp/libg_nano.a(libc_a-stdio.o) (_close_r)
/usr/lib/gcc/arm-none-eabi/14.2.1/../../../arm-none-eabi/lib/thumb/v7e-m/nofp/libg_nano.a(libc_a-lseekr.o)
[...]
Memory Configuration

Name             Origin             Length             Attributes
RAM              0x20000000         0x0000a000         xrw
CCMRAM           0x10000000         0x00002000         xrw
ROM              0x08000000         0x00040000         xr
*default*        0x00000000         0xffffffff

Linker script and memory map

LOAD /usr/lib/gcc/arm-none-eabi/14.2.1/thumb/v7e-m/nofp/crti.o
LOAD /usr/lib/gcc/arm-none-eabi/14.2.1/thumb/v7e-m/nofp/crtbegin.o
LOAD /usr/lib/gcc/arm-none-eabi/14.2.1/../../../arm-none-eabi/lib/thumb/v7e-m/nofp/crt0.o
                0x2000a000                        _estack = 0x10002000
LOAD objdir-CW308_STM32F3/simpleserial-aes.o
LOAD objdir-CW308_STM32F3/simpleserial.o
LOAD objdir-CW308_STM32F3/hal.o
LOAD objdir-CW308_STM32F3/stm32f3_hal.o
LOAD objdir-CW308_STM32F3/stm32f3_hal_lowlevel.o
LOAD objdir-CW308_STM32F3/stm32f3_sysmem.o
LOAD objdir-CW308_STM32F3/aes.o
LOAD objdir-CW308_STM32F3/aes-independant.o
LOAD objdir-CW308_STM32F3/stm32f3_startup.o
LOAD /usr/lib/gcc/arm-none-eabi/14.2.1/../../../arm-none-eabi/lib/thumb/v7e-m/nofp/libm.a
LOAD /usr/lib/gcc/arm-none-eabi/14.2.1/../../../arm-none-eabi/lib/thumb/v7e-m/nofp/libm.a
START GROUP
LOAD /usr/lib/gcc/arm-none-eabi/14.2.1/thumb/v7e-m/nofp/libgcc.a
LOAD /usr/lib/gcc/arm-none-eabi/14.2.1/../../../arm-none-eabi/lib/thumb/v7e-m/nofp/libg_nano.a
LOAD /usr/lib/gcc/arm-none-eabi/14.2.1/../../../arm-none-eabi/lib/thumb/v7e-m/nofp/libc_nano.a
END GROUP
START GROUP
LOAD /usr/lib/gcc/arm-none-eabi/14.2.1/thumb/v7e-m/nofp/libgcc.a
LOAD /usr/lib/gcc/arm-none-eabi/14.2.1/../../../arm-none-eabi/lib/thumb/v7e-m/nofp/libc_nano.a
LOAD /usr/lib/gcc/arm-none-eabi/14.2.1/../../../arm-none-eabi/lib/thumb/v7e-m/nofp/libnosys.a
END GROUP
START GROUP
LOAD /usr/lib/gcc/arm-none-eabi/14.2.1/thumb/v7e-m/nofp/libgcc.a
LOAD /usr/lib/gcc/arm-none-eabi/14.2.1/../../../arm-none-eabi/lib/thumb/v7e-m/nofp/libc_nano.a
LOAD /usr/lib/gcc/arm-none-eabi/14.2.1/../../../arm-none-eabi/lib/thumb/v7e-m/nofp/libnosys.a
END GROUP
LOAD /usr/lib/gcc/arm-none-eabi/14.2.1/thumb/v7e-m/nofp/crtend.o
LOAD /usr/lib/gcc/arm-none-eabi/14.2.1/thumb/v7e-m/nofp/crtn.o
                0x2000a000                        _estack = 0x2000a000
                0x00000000                        _Min_Heap_Size = 0x0
                0x00000400                        _Min_Stack_Size = 0x400

.isr_vector     0x08000000      0x188
                0x08000000                        . = ALIGN (0x4)
 *(.isr_vector)
 .isr_vector    0x08000000      0x188 objdir-CW308_STM32F3/stm32f3_startup.o
                0x08000000                g_pfnVectors
                0x08000188                        . = ALIGN (0x4)

.text           0x08000188     0x13d0
                0x08000188                        . = ALIGN (0x4)
 *(.text)
 .text          0x08000188       0x88 /usr/lib/gcc/arm-none-eabi/14.2.1/thumb/v7e-m/nofp/crtbegin.o
 .text          0x08000210       0x50 /usr/lib/gcc/arm-none-eabi/14.2.1/../../../arm-none-eabi/lib/thumb/v7e-m/nofp/libg_nano.a(libc_a-init.o)
                0x08000210                __libc_init_array
 *(.text*)
 .text.get_pt   0x08000260       0x2a objdir-CW308_STM32F3/simpleserial-aes.o
                0x08000260                get_pt
 .text.aes      0x0800028a       0x5c objdir-CW308_STM32F3/simpleserial-aes.o
                0x0800028a                aes
 *fill*         0x080002e6        0x2 
 .text.startup.main
                0x080002e8       0x34 objdir-CW308_STM32F3/simpleserial-aes.o
                0x080002e8                main
 .text.ss_crc   0x0800031c       0x2c objdir-CW308_STM32F3/simpleserial.o
                0x0800031c                ss_crc
 .text.stuff_data
                0x08000348       0x22 objdir-CW308_STM32F3/simpleserial.o
                0x08000348                stuff_data
 .text.unstuff_data
                0x0800036a       0x1e objdir-CW308_STM32F3/simpleserial.o
                0x0800036a                unstuff_data
 .text.simpleserial_addcmd
                0x08000388       0x34 objdir-CW308_STM32F3/simpleserial.o
                0x08000388                simpleserial_addcmd
 .text.simpleserial_init
                0x080003bc       0x24 objdir-CW308_STM32F3/simpleserial.o
                0x080003bc                simpleserial_init
 .text.simpleserial_put
                0x080003e0       0x5c objdir-CW308_STM32F3/simpleserial.o
                0x080003e0                simpleserial_put
 .text.check_version
                0x0800043c       0x1c objdir-CW308_STM32F3/simpleserial.o
                0x0800043c                check_version
 .text.ss_get_commands
                0x08000458       0x3c objdir-CW308_STM32F3/simpleserial.o
                0x08000458                ss_get_commands
 .text.simpleserial_get
                0x08000494       0xf0 objdir-CW308_STM32F3/simpleserial.o
                0x08000494                simpleserial_get
 .text.platform_init
                0x08000584       0x7c objdir-CW308_STM32F3/stm32f3_hal.o
                0x08000584                platform_init
 .text.init_uart
                0x08000600       0x7c objdir-CW308_STM32F3/stm32f3_hal.o
                0x08000600                init_uart
 .text.trigger_setup
                0x0800067c       0x48 objdir-CW308_STM32F3/stm32f3_hal.o
                0x0800067c                trigger_setup
 .text.trigger_high
                0x080006c4        0xe objdir-CW308_STM32F3/stm32f3_hal.o
                0x080006c4                trigger_high
 .text.trigger_low
                0x080006d2        0xe objdir-CW308_STM32F3/stm32f3_hal.o
                0x080006d2                trigger_low
 .text.getch    0x080006e0       0x30 objdir-CW308_STM32F3/stm32f3_hal.o
                0x080006e0                getch
 .text.putch    0x08000710       0x20 objdir-CW308_STM32F3/stm32f3_hal.o
                0x08000710                putch
 .text.HAL_GetTick
                0x08000730       0x10 objdir-CW308_STM32F3/stm32f3_hal_lowlevel.o
                0x08000730                HAL_GetTick
 .text.HAL_RCC_OscConfig
                0x08000740      0x48c objdir-CW308_STM32F3/stm32f3_hal_lowlevel.o
                0x08000740                HAL_RCC_OscConfig
 .text.HAL_RCC_ClockConfig
                0x08000bcc      0x140 objdir-CW308_STM32F3/stm32f3_hal_lowlevel.o
                0x08000bcc                HAL_RCC_ClockConfig
 .text.HAL_GPIO_Init
                0x08000d0c      0x17c objdir-CW308_STM32F3/stm32f3_hal_lowlevel.o
                0x08000d0c                HAL_GPIO_Init
 .text.HAL_GPIO_WritePin
                0x08000e88        0xa objdir-CW308_STM32F3/stm32f3_hal_lowlevel.o
                0x08000e88                HAL_GPIO_WritePin
 *fill*         0x08000e92        0x2 
 .text.UART_SetConfig
                0x08000e94      0x15c objdir-CW308_STM32F3/stm32f3_hal_lowlevel.o
                0x08000e94                UART_SetConfig
 .text.UART_WaitOnFlagUntilTimeout
                0x08000ff0       0x62 objdir-CW308_STM32F3/stm32f3_hal_lowlevel.o
                0x08000ff0                UART_WaitOnFlagUntilTimeout
 .text.UART_CheckIdleState
                0x08001052       0x62 objdir-CW308_STM32F3/stm32f3_hal_lowlevel.o
                0x08001052                UART_CheckIdleState
 .text.HAL_UART_Init
                0x080010b4       0x54 objdir-CW308_STM32F3/stm32f3_hal_lowlevel.o
                0x080010b4                HAL_UART_Init
 .text.HAL_UART_Transmit
                0x08001108       0xac objdir-CW308_STM32F3/stm32f3_hal_lowlevel.o
                0x08001108                HAL_UART_Transmit
 .text.HAL_UART_Receive
                0x080011b4       0xd6 objdir-CW308_STM32F3/stm32f3_hal_lowlevel.o
                0x080011b4                HAL_UART_Receive
 *fill*         0x0800128a        0x2 
 .text.KeyExpansion
                0x0800128c       0xac objdir-CW308_STM32F3/aes.o
 .text.AddRoundKey
                0x08001338       0x34 objdir-CW308_STM32F3/aes.o
 .text.SubBytes
                0x0800136c       0x30 objdir-CW308_STM32F3/aes.o
 .text.ShiftRows
                0x0800139c       0x3c objdir-CW308_STM32F3/aes.o
 .text.xtime    0x080013d8       0x12 objdir-CW308_STM32F3/aes.o
 *fill*         0x080013ea        0x2 
 .text.Cipher   0x080013ec       0x98 objdir-CW308_STM32F3/aes.o
 .text.BlockCopy
                0x08001484       0x14 objdir-CW308_STM32F3/aes.o
 .text.AES128_ECB_indp_setkey
                0x08001498        0xc objdir-CW308_STM32F3/aes.o
                0x08001498                AES128_ECB_indp_setkey
 .text.AES128_ECB_indp_crypto
                0x080014a4       0x1c objdir-CW308_STM32F3/aes.o
                0x080014a4                AES128_ECB_indp_crypto
 .text.aes_indep_init
                0x080014c0        0x2 objdir-CW308_STM32F3/aes-independant.o
                0x080014c0                aes_indep_init
 .text.aes_indep_key
                0x080014c2        0x4 objdir-CW308_STM32F3/aes-independant.o
                0x080014c2                aes_indep_key
 .text.aes_indep_enc
                0x080014c6        0x4 objdir-CW308_STM32F3/aes-independant.o
                0x080014c6                aes_indep_enc
 .text.aes_indep_enc_pretrigger
                0x080014ca        0x2 objdir-CW308_STM32F3/aes-independant.o
                0x080014ca                aes_indep_enc_pretrigger
 .text.aes_indep_enc_posttrigger
                0x080014cc        0x2 objdir-CW308_STM32F3/aes-independant.o
                0x080014cc                aes_indep_enc_posttrigger
 .text.aes_indep_mask
                0x080014ce        0x2 objdir-CW308_STM32F3/aes-independant.o
                0x080014ce                aes_indep_mask
 .text.Reset_Handler
                0x080014d0       0x6c objdir-CW308_STM32F3/stm32f3_startup.o
                0x080014d0                Reset_Handler
 .text.Default_Handler
                0x0800153c        0x2 objdir-CW308_STM32F3/stm32f3_startup.o
                0x0800153c                DebugMon_Handler
                0x0800153c                HardFault_Handler
                0x0800153c                SysTick_Handler
                0x0800153c                PendSV_Handler
                0x0800153c                NMI_Handler
                0x0800153c                UsageFault_Handler
                0x0800153c                Default_Handler
                0x0800153c                MemManage_Handler
                0x0800153c                SVC_Handler
                0x0800153c                BusFault_Handler
 *(.glue_7)
 .glue_7        0x0800153e        0x0 linker stubs
 *(.glue_7t)
 .glue_7t       0x0800153e        0x0 linker stubs
 *(.eh_frame)
 *fill*         0x0800153e        0x2 
 .eh_frame      0x08001540        0x0 /usr/lib/gcc/arm-none-eabi/14.2.1/thumb/v7e-m/nofp/crtbegin.o
 *(.init)
 .init          0x08001540        0x4 /usr/lib/gcc/arm-none-eabi/14.2.1/thumb/v7e-m/nofp/crti.o
                0x08001540                _init
 .init          0x08001544        0x8 /usr/lib/gcc/arm-none-eabi/14.2.1/thumb/v7e-m/nofp/crtn.o
 *(.fini)
 .fini          0x0800154c        0x4 /usr/lib/gcc/arm-none-eabi/14.2.1/thumb/v7e-m/nofp/crti.o
                0x0800154c                _fini
 .fini          0x08001550        0x8 /usr/lib/gcc/arm-none-eabi/14.2.1/thumb/v7e-m/nofp/crtn.o
                0x08001558                        . = ALIGN (0x4)
                0x08001558                        _etext = .

.vfp11_veneer   0x08001558        0x0
 .vfp11_veneer  0x08001558        0x0 linker stubs

.v4_bx          0x08001558        0x0
 .v4_bx         0x08001558        0x0 linker stubs

.iplt           0x08001558        0x0
 .iplt          0x08001558        0x0 /usr/lib/gcc/arm-none-eabi/14.2.1/thumb/v7e-m/nofp/crtbegin.o

.rel.dyn        0x08001558        0x0
 .rel.iplt      0x08001558        0x0 /usr/lib/gcc/arm-none-eabi/14.2.1/thumb/v7e-m/nofp/crtbegin.o

.rodata         0x08001558        0x0
                0x08001558                        . = ALIGN (0x4)
 *(.rodata)
 *(.rodata*)
                0x08001558                        . = ALIGN (0x4)

.ARM.extab      0x08001558        0x0
                0x08001558                        . = ALIGN (0x4)
 *(.ARM.extab* .gnu.linkonce.armextab.*)
                0x08001558                        . = ALIGN (0x4)

.ARM            0x08001558        0x0
                0x08001558                        . = ALIGN (0x4)
                0x08001558                        __exidx_start = .
 *(.ARM.exidx*)
                0x08001558                        __exidx_end = .
                0x08001558                        . = ALIGN (0x4)

.preinit_array  0x08001558        0x0
                0x08001558                        . = ALIGN (0x4)
                0x08001558                        PROVIDE (__preinit_array_start = .)
 *(.preinit_array*)
                0x08001558                        PROVIDE (__preinit_array_end = .)
                0x08001558                        . = ALIGN (0x4)

.init_array     0x08001558        0x4
                0x08001558                        . = ALIGN (0x4)
                0x08001558                        PROVIDE (__init_array_start = .)
 *(SORT_BY_NAME(.init_array.*))
 *(.init_array*)
 .init_array    0x08001558        0x4 /usr/lib/gcc/arm-none-eabi/14.2.1/thumb/v7e-m/nofp/crtbegin.o
                0x0800155c                        PROVIDE (__init_array_end = .)
                0x0800155c                        . = ALIGN (0x4)

.fini_array     0x0800155c        0x4
                0x0800155c                        . = ALIGN (0x4)
                0x0800155c                        PROVIDE (__fini_array_start = .)
 *(SORT_BY_NAME(.fini_array.*))
 *(.fini_array*)
 .fini_array    0x0800155c        0x4 /usr/lib/gcc/arm-none-eabi/14.2.1/thumb/v7e-m/nofp/crtbegin.o
                0x08001560                        PROVIDE (__fini_array_end = .)
                0x08001560                        . = ALIGN (0x4)
                0x08001560                        _sidata = LOADADDR (.data)

.data           0x20000000        0x0 load address 0x08001560
                0x20000000                        . = ALIGN (0x4)
                0x20000000                        _sdata = .
 *(.data)
 *(.data*)
                0x20000000                        . = ALIGN (0x4)
                0x20000000                        _edata = .
                0x08001560                        _siccmram = LOADADDR (.ccmram)

.tm_clone_table
                0x20000000        0x0 load address 0x08001560
 .tm_clone_table
                0x20000000        0x0 /usr/lib/gcc/arm-none-eabi/14.2.1/thumb/v7e-m/nofp/crtbegin.o
 .tm_clone_table
                0x20000000        0x0 /usr/lib/gcc/arm-none-eabi/14.2.1/thumb/v7e-m/nofp/crtend.o

.igot.plt       0x20000000        0x0 load address 0x08001560
 .igot.plt      0x20000000        0x0 /usr/lib/gcc/arm-none-eabi/14.2.1/thumb/v7e-m/nofp/crtbegin.o

.ccmram         0x10000000      0x21c load address 0x08001560
                0x10000000                        . = ALIGN (0x4)
                0x10000000                        _sccmram = .
 *(.ccmram)
 .ccmram        0x10000000       0x10 objdir-CW308_STM32F3/simpleserial-aes.o
 .ccmram        0x10000010      0x20b objdir-CW308_STM32F3/aes.o
                0x10000010                sbox
                0x10000110                Rcon
                0x1000011b                rsbox
 *(.ccmram*)
                0x1000021c                        . = ALIGN (0x4)
 *fill*         0x1000021b        0x1 
                0x1000021c                        _eccmram = .
                0x1000021c                        . = ALIGN (0x4)

.bss            0x20000000      0x2e0
                0x20000000                        _sbss = .
                0x20000000                        __bss_start__ = _sbss
 *(.bss)
 .bss           0x20000000       0x1c /usr/lib/gcc/arm-none-eabi/14.2.1/thumb/v7e-m/nofp/crtbegin.o
 .bss           0x2000001c      0x184 objdir-CW308_STM32F3/simpleserial.o
 .bss           0x200001a0       0x70 objdir-CW308_STM32F3/stm32f3_hal.o
                0x200001a0                UartHandle
 .bss           0x20000210        0x8 objdir-CW308_STM32F3/stm32f3_hal_lowlevel.o
                0x20000210                hal_sys_tick
                0x20000214                uwTick
 .bss           0x20000218       0xc8 objdir-CW308_STM32F3/aes.o
 *(.bss*)
 *(COMMON)
                0x200002e0                        . = ALIGN (0x4)
                0x200002e0                        _ebss = .
                0x200002e0                        __bss_end__ = _ebss

._user_heap_stack
                0x200002e0      0x400
                0x200002e0                        . = ALIGN (0x8)
                0x200002e0                        PROVIDE (end = .)
                [!provide]                        PROVIDE (_end = .)
                0x200002e0                        . = (. + _Min_Heap_Size)
                0x200006e0                        . = (. + _Min_Stack_Size)
 *fill*         0x200002e0      0x400 
                0x200006e0                        . = ALIGN (0x8)

/DISCARD/
 libc.a(*)
 libm.a(*)
 libgcc.a(*)

.ARM.attributes
                0x00000000       0x2a
 *(.ARM.attributes)
 .ARM.attributes
                0x00000000       0x1e /usr/lib/gcc/arm-none-eabi/14.2.1/thumb/v7e-m/nofp/crti.o
 .ARM.attributes
                0x0000001e       0x2e /usr/lib/gcc/arm-none-eabi/14.2.1/thumb/v7e-m/nofp/crtbegin.o
 .ARM.attributes
                0x0000004c       0x2e objdir-CW308_STM32F3/simpleserial-aes.o
 .ARM.attributes
                0x0000007a       0x2e objdir-CW308_STM32F3/simpleserial.o
 .ARM.attributes
                0x000000a8       0x2e objdir-CW308_STM32F3/stm32f3_hal.o
 .ARM.attributes
                0x000000d6       0x2e objdir-CW308_STM32F3/stm32f3_hal_lowlevel.o
 .ARM.attributes
                0x00000104       0x2e objdir-CW308_STM32F3/aes.o
 .ARM.attributes
                0x00000132       0x2e objdir-CW308_STM32F3/aes-independant.o
 .ARM.attributes
                0x00000160       0x21 objdir-CW308_STM32F3/stm32f3_startup.o
 .ARM.attributes
                0x00000181       0x2e /usr/lib/gcc/arm-none-eabi/14.2.1/../../../arm-none-eabi/lib/thumb/v7e-m/nofp/libg_nano.a(libc_a-init.o)
 .ARM.attributes
                0x000001af       0x2e /usr/lib/gcc/arm-none-eabi/14.2.1/thumb/v7e-m/nofp/crtend.o
 .ARM.attributes
                0x000001dd       0x1e /usr/lib/gcc/arm-none-eabi/14.2.1/thumb/v7e-m/nofp/crtn.o
OUTPUT(simpleserial-aes-CW308_STM32F3.elf elf32-littlearm)
LOAD linker stubs
LOAD /usr/lib/gcc/arm-none-eabi/14.2.1/../../../arm-none-eabi/lib/thumb/v7e-m/nofp/libc.a
LOAD /usr/lib/gcc/arm-none-eabi/14.2.1/../../../arm-none-eabi/lib/thumb/v7e-m/nofp/libm.a
LOAD /usr/lib/gcc/arm-none-eabi/14.2.1/thumb/v7e-m/nofp/libgcc.a

.comment        0x00000000       0x4c
 .comment       0x00000000       0x4c /usr/lib/gcc/arm-none-eabi/14.2.1/thumb/v7e-m/nofp/crtbegin.o
                                 0x27 (size before relaxing)
 .comment       0x0000004c        0x0 objdir-CW308_STM32F3/simpleserial-aes.o
                                 0x27 (size before relaxing)
 .comment       0x0000004c        0x0 objdir-CW308_STM32F3/simpleserial.o
                                 0x27 (size before relaxing)
 .comment       0x0000004c        0x0 objdir-CW308_STM32F3/stm32f3_hal.o
                                 0x27 (size before relaxing)
 .comment       0x0000004c        0x0 objdir-CW308_STM32F3/stm32f3_hal_lowlevel.o
                                 0x27 (size before relaxing)
 .comment       0x0000004c        0x0 objdir-CW308_STM32F3/aes.o
                                 0x27 (size before relaxing)
 .comment       0x0000004c        0x0 objdir-CW308_STM32F3/aes-independant.o
                                 0x27 (size before relaxing)
 .comment       0x0000004c        0x0 /usr/lib/gcc/arm-none-eabi/14.2.1/../../../arm-none-eabi/lib/thumb/v7e-m/nofp/libg_nano.a(libc_a-init.o)
                                 0x27 (size before relaxing)
 .comment       0x0000004c        0x0 /usr/lib/gcc/arm-none-eabi/14.2.1/thumb/v7e-m/nofp/crtend.o
                                 0x27 (size before relaxing)

.debug_info     0x00000000     0x4fba
 .debug_info    0x00000000      0x6df objdir-CW308_STM32F3/simpleserial-aes.o
 .debug_info    0x000006df      0x7ef objdir-CW308_STM32F3/simpleserial.o
 .debug_info    0x00000ece      0xf30 objdir-CW308_STM32F3/stm32f3_hal.o
 .debug_info    0x00001dfe     0x24b4 objdir-CW308_STM32F3/stm32f3_hal_lowlevel.o
 .debug_info    0x000042b2      0xa08 objdir-CW308_STM32F3/aes.o
 .debug_info    0x00004cba      0x1f5 objdir-CW308_STM32F3/aes-independant.o
 .debug_info    0x00004eaf      0x10b /usr/lib/gcc/arm-none-eabi/14.2.1/../../../arm-none-eabi/lib/thumb/v7e-m/nofp/libg_nano.a(libc_a-init.o)

.debug_abbrev   0x00000000     0x1037
 .debug_abbrev  0x00000000      0x255 objdir-CW308_STM32F3/simpleserial-aes.o
 .debug_abbrev  0x00000255      0x22f objdir-CW308_STM32F3/simpleserial.o
 .debug_abbrev  0x00000484      0x24c objdir-CW308_STM32F3/stm32f3_hal.o
 .debug_abbrev  0x000006d0      0x478 objdir-CW308_STM32F3/stm32f3_hal_lowlevel.o
 .debug_abbrev  0x00000b48      0x2dc objdir-CW308_STM32F3/aes.o
 .debug_abbrev  0x00000e24      0x14a objdir-CW308_STM32F3/aes-independant.o
 .debug_abbrev  0x00000f6e       0xc9 /usr/lib/gcc/arm-none-eabi/14.2.1/../../../arm-none-eabi/lib/thumb/v7e-m/nofp/libg_nano.a(libc_a-init.o)

.debug_loc      0x00000000     0x2ece
 .debug_loc     0x00000000      0x484 objdir-CW308_STM32F3/simpleserial-aes.o
 .debug_loc     0x00000484      0x9a8 objdir-CW308_STM32F3/simpleserial.o
 .debug_loc     0x00000e2c      0x1b6 objdir-CW308_STM32F3/stm32f3_hal.o
 .debug_loc     0x00000fe2     0x1607 objdir-CW308_STM32F3/stm32f3_hal_lowlevel.o
 .debug_loc     0x000025e9      0x88f objdir-CW308_STM32F3/aes.o
 .debug_loc     0x00002e78       0x56 objdir-CW308_STM32F3/aes-independant.o

.debug_aranges  0x00000000      0x2b0
 .debug_aranges
                0x00000000       0x58 objdir-CW308_STM32F3/simpleserial-aes.o
 .debug_aranges
                0x00000058       0x70 objdir-CW308_STM32F3/simpleserial.o
 .debug_aranges
                0x000000c8       0x60 objdir-CW308_STM32F3/stm32f3_hal.o
 .debug_aranges
                0x00000128       0xa0 objdir-CW308_STM32F3/stm32f3_hal_lowlevel.o
 .debug_aranges
                0x000001c8       0x80 objdir-CW308_STM32F3/aes.o
 .debug_aranges
                0x00000248       0x48 objdir-CW308_STM32F3/aes-independant.o
 .debug_aranges
                0x00000290       0x20 /usr/lib/gcc/arm-none-eabi/14.2.1/../../../arm-none-eabi/lib/thumb/v7e-m/nofp/libg_nano.a(libc_a-init.o)

.debug_ranges   0x00000000      0x5c8
 .debug_ranges  0x00000000       0x90 objdir-CW308_STM32F3/simpleserial-aes.o
 .debug_ranges  0x00000090       0xf0 objdir-CW308_STM32F3/simpleserial.o
 .debug_ranges  0x00000180       0xc0 objdir-CW308_STM32F3/stm32f3_hal.o
 .debug_ranges  0x00000240      0x210 objdir-CW308_STM32F3/stm32f3_hal_lowlevel.o
 .debug_ranges  0x00000450      0x140 objdir-CW308_STM32F3/aes.o
 .debug_ranges  0x00000590       0x38 objdir-CW308_STM32F3/aes-independant.o

.debug_line     0x00000000     0x2d8a
 .debug_line    0x00000000      0x300 objdir-CW308_STM32F3/simpleserial-aes.o
 .debug_line    0x00000300      0x5c1 objdir-CW308_STM32F3/simpleserial.o
 .debug_line    0x000008c1      0x346 objdir-CW308_STM32F3/stm32f3_hal.o
 .debug_line    0x00000c07     0x174b objdir-CW308_STM32F3/stm32f3_hal_lowlevel.o
 .debug_line    0x00002352      0x802 objdir-CW308_STM32F3/aes.o
 .debug_line    0x00002b54      0x118 objdir-CW308_STM32F3/aes-independant.o
 .debug_line    0x00002c6c      0x11e /usr/lib/gcc/arm-none-eabi/14.2.1/../../../arm-none-eabi/lib/thumb/v7e-m/nofp/libg_nano.a(libc_a-init.o)

.debug_str      0x00000000     0x165c
 .debug_str     0x00000000     0x165c objdir-CW308_STM32F3/simpleserial-aes.o
                                0x375 (size before relaxing)
 .debug_str     0x0000165c        0x0 objdir-CW308_STM32F3/simpleserial.o
                                0x32f (size before relaxing)
 .debug_str     0x0000165c        0x0 objdir-CW308_STM32F3/stm32f3_hal.o
                                0x953 (size before relaxing)
 .debug_str     0x0000165c        0x0 objdir-CW308_STM32F3/stm32f3_hal_lowlevel.o
                               0x1172 (size before relaxing)
 .debug_str     0x0000165c        0x0 objdir-CW308_STM32F3/aes.o
                                0x305 (size before relaxing)
 .debug_str     0x0000165c        0x0 objdir-CW308_STM32F3/aes-independant.o
                                0x259 (size before relaxing)
 .debug_str     0x0000165c        0x0 /usr/lib/gcc/arm-none-eabi/14.2.1/../../../arm-none-eabi/lib/thumb/v7e-m/nofp/libg_nano.a(libc_a-init.o)
                                0x1f8 (size before relaxing)

.debug_frame    0x00000000      0x718
 .debug_frame   0x00000000       0xcc objdir-CW308_STM32F3/simpleserial-aes.o
 .debug_frame   0x000000cc      0x164 objdir-CW308_STM32F3/simpleserial.o
 .debug_frame   0x00000230       0xec objdir-CW308_STM32F3/stm32f3_hal.o
 .debug_frame   0x0000031c      0x1e0 objdir-CW308_STM32F3/stm32f3_hal_lowlevel.o
 .debug_frame   0x000004fc      0x180 objdir-CW308_STM32F3/aes.o
 .debug_frame   0x0000067c       0x70 objdir-CW308_STM32F3/aes-independant.o
 .debug_frame   0x000006ec       0x2c /usr/lib/gcc/arm-none-eabi/14.2.1/../../../arm-none-eabi/lib/thumb/v7e-m/nofp/libg_nano.a(libc_a-init.o)

.stab           0x00000000      0x1c8
 .stab          0x00000000      0x1c8 objdir-CW308_STM32F3/stm32f3_startup.o

.stabstr        0x00000000       0x35
 .stabstr       0x00000000       0x35 objdir-CW308_STM32F3/stm32f3_startup.o

.debug_loclists
                0x00000000       0x65
 .debug_loclists
                0x00000000       0x65 /usr/lib/gcc/arm-none-eabi/14.2.1/../../../arm-none-eabi/lib/thumb/v7e-m/nofp/libg_nano.a(libc_a-init.o)

Cross Reference Table

Symbol                                            File
AES128_ECB_decrypt                                objdir-CW308_STM32F3/aes.o
AES128_ECB_encrypt                                objdir-CW308_STM32F3/aes.o
AES128_ECB_indp_crypto                            objdir-CW308_STM32F3/aes.o
                                                  objdir-CW308_STM32F3/aes-independant.o
AES128_ECB_indp_setkey                            objdir-CW308_STM32F3/aes.o
                                                  objdir-CW308_STM32F3/aes-independant.o
BusFault_Handler                                  objdir-CW308_STM32F3/stm32f3_startup.o
DebugMon_Handler                                  objdir-CW308_STM32F3/stm32f3_startup.o
Default_Handler                                   objdir-CW308_STM32F3/stm32f3_startup.o
HAL_GPIO_Init                                     objdir-CW308_STM32F3/stm32f3_hal_lowlevel.o
                                                  objdir-CW308_STM32F3/stm32f3_hal.o
HAL_GPIO_WritePin                                 objdir-CW308_STM32F3/stm32f3_hal_lowlevel.o
                                                  objdir-CW308_STM32F3/stm32f3_hal.o
HAL_GetTick                                       objdir-CW308_STM32F3/stm32f3_hal_lowlevel.o
HAL_IncTick                                       objdir-CW308_STM32F3/stm32f3_hal_lowlevel.o
HAL_InitTick                                      objdir-CW308_STM32F3/stm32f3_hal_lowlevel.o
HAL_NVIC_SetPriority                              objdir-CW308_STM32F3/stm32f3_hal_lowlevel.o
HAL_RCC_ClockConfig                               objdir-CW308_STM32F3/stm32f3_hal_lowlevel.o
                                                  objdir-CW308_STM32F3/stm32f3_hal.o
HAL_RCC_GetPCLK1Freq                              objdir-CW308_STM32F3/stm32f3_hal_lowlevel.o
HAL_RCC_GetPCLK2Freq                              objdir-CW308_STM32F3/stm32f3_hal_lowlevel.o
HAL_RCC_GetSysClockFreq                           objdir-CW308_STM32F3/stm32f3_hal_lowlevel.o
HAL_RCC_OscConfig                                 objdir-CW308_STM32F3/stm32f3_hal_lowlevel.o
                                                  objdir-CW308_STM32F3/stm32f3_hal.o
HAL_UART_Init                                     objdir-CW308_STM32F3/stm32f3_hal_lowlevel.o
                                                  objdir-CW308_STM32F3/stm32f3_hal.o
HAL_UART_Receive                                  objdir-CW308_STM32F3/stm32f3_hal_lowlevel.o
                                                  objdir-CW308_STM32F3/stm32f3_hal.o
HAL_UART_Transmit                                 objdir-CW308_STM32F3/stm32f3_hal_lowlevel.o
                                                  objdir-CW308_STM32F3/stm32f3_hal.o
HardFault_Handler                                 objdir-CW308_STM32F3/stm32f3_startup.o
MemManage_Handler                                 objdir-CW308_STM32F3/stm32f3_startup.o
NMI_Handler                                       objdir-CW308_STM32F3/stm32f3_startup.o
PendSV_Handler                                    objdir-CW308_STM32F3/stm32f3_startup.o
Rcon                                              objdir-CW308_STM32F3/aes.o
Reset_Handler                                     objdir-CW308_STM32F3/stm32f3_startup.o
SVC_Handler                                       objdir-CW308_STM32F3/stm32f3_startup.o
SysTick_Handler                                   objdir-CW308_STM32F3/stm32f3_startup.o
SystemCoreClock                                   objdir-CW308_STM32F3/stm32f3_hal_lowlevel.o
SystemInit                                        objdir-CW308_STM32F3/stm32f3_startup.o
UART_CheckIdleState                               objdir-CW308_STM32F3/stm32f3_hal_lowlevel.o
UART_SetConfig                                    objdir-CW308_STM32F3/stm32f3_hal_lowlevel.o
UART_WaitOnFlagUntilTimeout                       objdir-CW308_STM32F3/stm32f3_hal_lowlevel.o
UartHandle                                        objdir-CW308_STM32F3/stm32f3_hal.o
UsageFault_Handler                                objdir-CW308_STM32F3/stm32f3_startup.o
_ITM_deregisterTMCloneTable                       /usr/lib/gcc/arm-none-eabi/14.2.1/thumb/v7e-m/nofp/crtbegin.o
_ITM_registerTMCloneTable                         /usr/lib/gcc/arm-none-eabi/14.2.1/thumb/v7e-m/nofp/crtbegin.o
__TMC_END__                                       /usr/lib/gcc/arm-none-eabi/14.2.1/thumb/v7e-m/nofp/crtend.o
                                                  /usr/lib/gcc/arm-none-eabi/14.2.1/thumb/v7e-m/nofp/crtbegin.o
__atexit                                          /usr/lib/gcc/arm-none-eabi/14.2.1/../../../arm-none-eabi/lib/thumb/v7e-m/nofp/libg_nano.a(libc_a-__call_atexit.o)
                                                  /usr/lib/gcc/arm-none-eabi/14.2.1/../../../arm-none-eabi/lib/thumb/v7e-m/nofp/libg_nano.a(libc_a-__atexit.o)
__atexit0                                         /usr/lib/gcc/arm-none-eabi/14.2.1/../../../arm-none-eabi/lib/thumb/v7e-m/nofp/libg_nano.a(libc_a-__atexit.o)
__atexit_dummy                                    /usr/lib/gcc/arm-none-eabi/14.2.1/../../../arm-none-eabi/lib/thumb/v7e-m/nofp/libg_nano.a(libc_a-__atexit.o)
__bss_end__                                       /usr/lib/gcc/arm-none-eabi/14.2.1/../../../arm-none-eabi/lib/thumb/v7e-m/nofp/crt0.o
__bss_start__                                     /usr/lib/gcc/arm-none-eabi/14.2.1/../../../arm-none-eabi/lib/thumb/v7e-m/nofp/crt0.o
__call_exitprocs                                  /usr/lib/gcc/arm-none-eabi/14.2.1/../../../arm-none-eabi/lib/thumb/v7e-m/nofp/libg_nano.a(libc_a-__call_atexit.o)
                                                  /usr/lib/gcc/arm-none-eabi/14.2.1/../../../arm-none-eabi/lib/thumb/v7e-m/nofp/libg_nano.a(libc_a-__atexit.o)
                                                  /usr/lib/gcc/arm-none-eabi/14.2.1/../../../arm-none-eabi/lib/thumb/v7e-m/nofp/libg_nano.a(libc_a-exit.o)
__deregister_frame_info                           /usr/lib/gcc/arm-none-eabi/14.2.1/thumb/v7e-m/nofp/crtbegin.o
__dso_handle                                      /usr/lib/gcc/arm-none-eabi/14.2.1/thumb/v7e-m/nofp/crtbegin.o
__errno                                           /usr/lib/gcc/arm-none-eabi/14.2.1/../../../arm-none-eabi/lib/thumb/v7e-m/nofp/libg_nano.a(libc_a-errno.o)
                                                  objdir-CW308_STM32F3/stm32f3_sysmem.o
__fini_array_end                                  /usr/lib/gcc/arm-none-eabi/14.2.1/../../../arm-none-eabi/lib/thumb/v7e-m/nofp/libg_nano.a(libc_a-fini.o)
__fini_array_start                                /usr/lib/gcc/arm-none-eabi/14.2.1/../../../arm-none-eabi/lib/thumb/v7e-m/nofp/libg_nano.a(libc_a-fini.o)
__fp_lock_all                                     /usr/lib/gcc/arm-none-eabi/14.2.1/../../../arm-none-eabi/lib/thumb/v7e-m/nofp/libg_nano.a(libc_a-findfp.o)
__fp_unlock_all                                   /usr/lib/gcc/arm-none-eabi/14.2.1/../../../arm-none-eabi/lib/thumb/v7e-m/nofp/libg_nano.a(libc_a-findfp.o)
__init_array_end                                  /usr/lib/gcc/arm-none-eabi/14.2.1/../../../arm-none-eabi/lib/thumb/v7e-m/nofp/libg_nano.a(libc_a-init.o)
__init_array_start                                /usr/lib/gcc/arm-none-eabi/14.2.1/../../../arm-none-eabi/lib/thumb/v7e-m/nofp/libg_nano.a(libc_a-init.o)
__libc_fini_array                                 /usr/lib/gcc/arm-none-eabi/14.2.1/../../../arm-none-eabi/lib/thumb/v7e-m/nofp/libg_nano.a(libc_a-fini.o)
                                                  /usr/lib/gcc/arm-none-eabi/14.2.1/../../../arm-none-eabi/lib/thumb/v7e-m/nofp/crt0.o
__libc_init_array                                 /usr/lib/gcc/arm-none-eabi/14.2.1/../../../arm-none-eabi/lib/thumb/v7e-m/nofp/libg_nano.a(libc_a-init.o)
                                                  objdir-CW308_STM32F3/stm32f3_startup.o
                                                  /usr/lib/gcc/arm-none-eabi/14.2.1/../../../arm-none-eabi/lib/thumb/v7e-m/nofp/crt0.o
__malloc_free_list                                /usr/lib/gcc/arm-none-eabi/14.2.1/../../../arm-none-eabi/lib/thumb/v7e-m/nofp/libg_nano.a(libc_a-mallocr.o)
                                                  /usr/lib/gcc/arm-none-eabi/14.2.1/../../../arm-none-eabi/lib/thumb/v7e-m/nofp/libg_nano.a(libc_a-freer.o)
__malloc_lock                                     /usr/lib/gcc/arm-none-eabi/14.2.1/../../../arm-none-eabi/lib/thumb/v7e-m/nofp/libg_nano.a(libc_a-mlock.o)
                                                  /usr/lib/gcc/arm-none-eabi/14.2.1/../../../arm-none-eabi/lib/thumb/v7e-m/nofp/libg_nano.a(libc_a-freer.o)
                                                  /usr/lib/gcc/arm-none-eabi/14.2.1/../../../arm-none-eabi/lib/thumb/v7e-m/nofp/libg_nano.a(libc_a-mallocr.o)
__malloc_sbrk_start                               /usr/lib/gcc/arm-none-eabi/14.2.1/../../../arm-none-eabi/lib/thumb/v7e-m/nofp/libg_nano.a(libc_a-mallocr.o)
__malloc_unlock                                   /usr/lib/gcc/arm-none-eabi/14.2.1/../../../arm-none-eabi/lib/thumb/v7e-m/nofp/libg_nano.a(libc_a-mlock.o)
                                                  /usr/lib/gcc/arm-none-eabi/14.2.1/../../../arm-none-eabi/lib/thumb/v7e-m/nofp/libg_nano.a(libc_a-freer.o)
                                                  /usr/lib/gcc/arm-none-eabi/14.2.1/../../../arm-none-eabi/lib/thumb/v7e-m/nofp/libg_nano.a(libc_a-mallocr.o)
__on_exit_args                                    /usr/lib/gcc/arm-none-eabi/14.2.1/../../../arm-none-eabi/lib/thumb/v7e-m/nofp/libg_nano.a(libc_a-__atexit.o)
__preinit_array_end                               /usr/lib/gcc/arm-none-eabi/14.2.1/../../../arm-none-eabi/lib/thumb/v7e-m/nofp/libg_nano.a(libc_a-init.o)
__preinit_array_start                             /usr/lib/gcc/arm-none-eabi/14.2.1/../../../arm-none-eabi/lib/thumb/v7e-m/nofp/libg_nano.a(libc_a-init.o)
__register_exitproc                               /usr/lib/gcc/arm-none-eabi/14.2.1/../../../arm-none-eabi/lib/thumb/v7e-m/nofp/libg_nano.a(libc_a-__atexit.o)
                                                  /usr/lib/gcc/arm-none-eabi/14.2.1/../../../arm-none-eabi/lib/thumb/v7e-m/nofp/libg_nano.a(libc_a-atexit.o)
__register_frame_info                             /usr/lib/gcc/arm-none-eabi/14.2.1/thumb/v7e-m/nofp/crtbegin.o
__sclose                                          /usr/lib/gcc/arm-none-eabi/14.2.1/../../../arm-none-eabi/lib/thumb/v7e-m/nofp/libg_nano.a(libc_a-stdio.o)
                                                  /usr/lib/gcc/arm-none-eabi/14.2.1/../../../arm-none-eabi/lib/thumb/v7e-m/nofp/libg_nano.a(libc_a-findfp.o)
__seofread                                        /usr/lib/gcc/arm-none-eabi/14.2.1/../../../arm-none-eabi/lib/thumb/v7e-m/nofp/libg_nano.a(libc_a-stdio.o)
__sf                                              /usr/lib/gcc/arm-none-eabi/14.2.1/../../../arm-none-eabi/lib/thumb/v7e-m/nofp/libg_nano.a(libc_a-findfp.o)
                                                  /usr/lib/gcc/arm-none-eabi/14.2.1/../../../arm-none-eabi/lib/thumb/v7e-m/nofp/libg_nano.a(libc_a-impure.o)
__sflush_r                                        /usr/lib/gcc/arm-none-eabi/14.2.1/../../../arm-none-eabi/lib/thumb/v7e-m/nofp/libg_nano.a(libc_a-fflush.o)
__sfp                                             /usr/lib/gcc/arm-none-eabi/14.2.1/../../../arm-none-eabi/lib/thumb/v7e-m/nofp/libg_nano.a(libc_a-findfp.o)
__sfp_lock_acquire                                /usr/lib/gcc/arm-none-eabi/14.2.1/../../../arm-none-eabi/lib/thumb/v7e-m/nofp/libg_nano.a(libc_a-findfp.o)
__sfp_lock_release                                /usr/lib/gcc/arm-none-eabi/14.2.1/../../../arm-none-eabi/lib/thumb/v7e-m/nofp/libg_nano.a(libc_a-findfp.o)
__sglue                                           /usr/lib/gcc/arm-none-eabi/14.2.1/../../../arm-none-eabi/lib/thumb/v7e-m/nofp/libg_nano.a(libc_a-findfp.o)
                                                  /usr/lib/gcc/arm-none-eabi/14.2.1/../../../arm-none-eabi/lib/thumb/v7e-m/nofp/libg_nano.a(libc_a-fflush.o)
__sinit                                           /usr/lib/gcc/arm-none-eabi/14.2.1/../../../arm-none-eabi/lib/thumb/v7e-m/nofp/libg_nano.a(libc_a-findfp.o)
                                                  /usr/lib/gcc/arm-none-eabi/14.2.1/../../../arm-none-eabi/lib/thumb/v7e-m/nofp/libg_nano.a(libc_a-fflush.o)
__sread                                           /usr/lib/gcc/arm-none-eabi/14.2.1/../../../arm-none-eabi/lib/thumb/v7e-m/nofp/libg_nano.a(libc_a-stdio.o)
                                                  /usr/lib/gcc/arm-none-eabi/14.2.1/../../../arm-none-eabi/lib/thumb/v7e-m/nofp/libg_nano.a(libc_a-findfp.o)
__sseek                                           /usr/lib/gcc/arm-none-eabi/14.2.1/../../../arm-none-eabi/lib/thumb/v7e-m/nofp/libg_nano.a(libc_a-stdio.o)
                                                  /usr/lib/gcc/arm-none-eabi/14.2.1/../../../arm-none-eabi/lib/thumb/v7e-m/nofp/libg_nano.a(libc_a-findfp.o)
__stack                                           /usr/lib/gcc/arm-none-eabi/14.2.1/../../../arm-none-eabi/lib/thumb/v7e-m/nofp/crt0.o
__stdio_exit_handler                              /usr/lib/gcc/arm-none-eabi/14.2.1/../../../arm-none-eabi/lib/thumb/v7e-m/nofp/libg_nano.a(libc_a-findfp.o)
                                                  /usr/lib/gcc/arm-none-eabi/14.2.1/../../../arm-none-eabi/lib/thumb/v7e-m/nofp/libg_nano.a(libc_a-exit.o)
__swrite                                          /usr/lib/gcc/arm-none-eabi/14.2.1/../../../arm-none-eabi/lib/thumb/v7e-m/nofp/libg_nano.a(libc_a-stdio.o)
                                                  /usr/lib/gcc/arm-none-eabi/14.2.1/../../../arm-none-eabi/lib/thumb/v7e-m/nofp/libg_nano.a(libc_a-findfp.o)
_close                                            objdir-CW308_STM32F3/hal.o
                                                  /usr/lib/gcc/arm-none-eabi/14.2.1/../../../arm-none-eabi/lib/thumb/v7e-m/nofp/libg_nano.a(libc_a-closer.o)
_close_r                                          /usr/lib/gcc/arm-none-eabi/14.2.1/../../../arm-none-eabi/lib/thumb/v7e-m/nofp/libg_nano.a(libc_a-closer.o)
                                                  /usr/lib/gcc/arm-none-eabi/14.2.1/../../../arm-none-eabi/lib/thumb/v7e-m/nofp/libg_nano.a(libc_a-stdio.o)
_ebss                                             objdir-CW308_STM32F3/stm32f3_startup.o
_eccmram                                          objdir-CW308_STM32F3/stm32f3_startup.o
_edata                                            objdir-CW308_STM32F3/stm32f3_startup.o
_estack                                           objdir-CW308_STM32F3/stm32f3_startup.o
_exit                                             /usr/lib/gcc/arm-none-eabi/14.2.1/../../../arm-none-eabi/lib/thumb/v7e-m/nofp/libnosys.a(_exit.o)
                                                  /usr/lib/gcc/arm-none-eabi/14.2.1/../../../arm-none-eabi/lib/thumb/v7e-m/nofp/libg_nano.a(libc_a-exit.o)
_fflush_r                                         /usr/lib/gcc/arm-none-eabi/14.2.1/../../../arm-none-eabi/lib/thumb/v7e-m/nofp/libg_nano.a(libc_a-fflush.o)
                                                  /usr/lib/gcc/arm-none-eabi/14.2.1/../../../arm-none-eabi/lib/thumb/v7e-m/nofp/libg_nano.a(libc_a-findfp.o)
_fini                                             /usr/lib/gcc/arm-none-eabi/14.2.1/thumb/v7e-m/nofp/crti.o
                                                  /usr/lib/gcc/arm-none-eabi/14.2.1/../../../arm-none-eabi/lib/thumb/v7e-m/nofp/libg_nano.a(libc_a-fini.o)
_free_r                                           /usr/lib/gcc/arm-none-eabi/14.2.1/../../../arm-none-eabi/lib/thumb/v7e-m/nofp/libg_nano.a(libc_a-freer.o)
                                                  /usr/lib/gcc/arm-none-eabi/14.2.1/../../../arm-none-eabi/lib/thumb/v7e-m/nofp/libg_nano.a(libc_a-reent.o)
                                                  /usr/lib/gcc/arm-none-eabi/14.2.1/../../../arm-none-eabi/lib/thumb/v7e-m/nofp/libg_nano.a(libc_a-fflush.o)
_fstat                                            objdir-CW308_STM32F3/hal.o
_fwalk_sglue                                      /usr/lib/gcc/arm-none-eabi/14.2.1/../../../arm-none-eabi/lib/thumb/v7e-m/nofp/libg_nano.a(libc_a-fwalk.o)
                                                  /usr/lib/gcc/arm-none-eabi/14.2.1/../../../arm-none-eabi/lib/thumb/v7e-m/nofp/libg_nano.a(libc_a-fflush.o)
                                                  /usr/lib/gcc/arm-none-eabi/14.2.1/../../../arm-none-eabi/lib/thumb/v7e-m/nofp/libg_nano.a(libc_a-findfp.o)
_getpid                                           objdir-CW308_STM32F3/hal.o
_impure_data                                      /usr/lib/gcc/arm-none-eabi/14.2.1/../../../arm-none-eabi/lib/thumb/v7e-m/nofp/libg_nano.a(libc_a-impure.o)
                                                  /usr/lib/gcc/arm-none-eabi/14.2.1/../../../arm-none-eabi/lib/thumb/v7e-m/nofp/libg_nano.a(libc_a-fflush.o)
                                                  /usr/lib/gcc/arm-none-eabi/14.2.1/../../../arm-none-eabi/lib/thumb/v7e-m/nofp/libg_nano.a(libc_a-findfp.o)
_impure_ptr                                       /usr/lib/gcc/arm-none-eabi/14.2.1/../../../arm-none-eabi/lib/thumb/v7e-m/nofp/libg_nano.a(libc_a-impure.o)
                                                  /usr/lib/gcc/arm-none-eabi/14.2.1/../../../arm-none-eabi/lib/thumb/v7e-m/nofp/libg_nano.a(libc_a-reent.o)
                                                  /usr/lib/gcc/arm-none-eabi/14.2.1/../../../arm-none-eabi/lib/thumb/v7e-m/nofp/libg_nano.a(libc_a-fflush.o)
                                                  /usr/lib/gcc/arm-none-eabi/14.2.1/../../../arm-none-eabi/lib/thumb/v7e-m/nofp/libg_nano.a(libc_a-errno.o)
_init                                             /usr/lib/gcc/arm-none-eabi/14.2.1/thumb/v7e-m/nofp/crti.o
                                                  /usr/lib/gcc/arm-none-eabi/14.2.1/../../../arm-none-eabi/lib/thumb/v7e-m/nofp/libg_nano.a(libc_a-init.o)
_isatty                                           objdir-CW308_STM32F3/hal.o
_kill                                             objdir-CW308_STM32F3/hal.o
_lseek                                            objdir-CW308_STM32F3/hal.o
                                                  /usr/lib/gcc/arm-none-eabi/14.2.1/../../../arm-none-eabi/lib/thumb/v7e-m/nofp/libg_nano.a(libc_a-lseekr.o)
_lseek_r                                          /usr/lib/gcc/arm-none-eabi/14.2.1/../../../arm-none-eabi/lib/thumb/v7e-m/nofp/libg_nano.a(libc_a-lseekr.o)
                                                  /usr/lib/gcc/arm-none-eabi/14.2.1/../../../arm-none-eabi/lib/thumb/v7e-m/nofp/libg_nano.a(libc_a-stdio.o)
_mainCRTStartup                                   /usr/lib/gcc/arm-none-eabi/14.2.1/../../../arm-none-eabi/lib/thumb/v7e-m/nofp/crt0.o
_malloc_r                                         /usr/lib/gcc/arm-none-eabi/14.2.1/../../../arm-none-eabi/lib/thumb/v7e-m/nofp/libg_nano.a(libc_a-mallocr.o)
                                                  /usr/lib/gcc/arm-none-eabi/14.2.1/../../../arm-none-eabi/lib/thumb/v7e-m/nofp/libg_nano.a(libc_a-findfp.o)
_read                                             objdir-CW308_STM32F3/hal.o
                                                  /usr/lib/gcc/arm-none-eabi/14.2.1/../../../arm-none-eabi/lib/thumb/v7e-m/nofp/libg_nano.a(libc_a-readr.o)
_read_r                                           /usr/lib/gcc/arm-none-eabi/14.2.1/../../../arm-none-eabi/lib/thumb/v7e-m/nofp/libg_nano.a(libc_a-readr.o)
                                                  /usr/lib/gcc/arm-none-eabi/14.2.1/../../../arm-none-eabi/lib/thumb/v7e-m/nofp/libg_nano.a(libc_a-stdio.o)
_reclaim_reent                                    /usr/lib/gcc/arm-none-eabi/14.2.1/../../../arm-none-eabi/lib/thumb/v7e-m/nofp/libg_nano.a(libc_a-reent.o)
_sbrk                                             objdir-CW308_STM32F3/stm32f3_sysmem.o
                                                  /usr/lib/gcc/arm-none-eabi/14.2.1/../../../arm-none-eabi/lib/thumb/v7e-m/nofp/libg_nano.a(libc_a-sbrkr.o)
_sbrk_r                                           /usr/lib/gcc/arm-none-eabi/14.2.1/../../../arm-none-eabi/lib/thumb/v7e-m/nofp/libg_nano.a(libc_a-sbrkr.o)
                                                  /usr/lib/gcc/arm-none-eabi/14.2.1/../../../arm-none-eabi/lib/thumb/v7e-m/nofp/libg_nano.a(libc_a-mallocr.o)
_sbss                                             objdir-CW308_STM32F3/stm32f3_startup.o
_sccmram                                          objdir-CW308_STM32F3/stm32f3_startup.o
_sdata                                            objdir-CW308_STM32F3/stm32f3_startup.o
_siccmram                                         objdir-CW308_STM32F3/stm32f3_startup.o
_sidata                                           objdir-CW308_STM32F3/stm32f3_startup.o
_stack_init                                       /usr/lib/gcc/arm-none-eabi/14.2.1/../../../arm-none-eabi/lib/thumb/v7e-m/nofp/crt0.o
_start                                            /usr/lib/gcc/arm-none-eabi/14.2.1/../../../arm-none-eabi/lib/thumb/v7e-m/nofp/crt0.o
_write                                            objdir-CW308_STM32F3/hal.o
                                                  /usr/lib/gcc/arm-none-eabi/14.2.1/../../../arm-none-eabi/lib/thumb/v7e-m/nofp/libg_nano.a(libc_a-writer.o)
_write_r                                          /usr/lib/gcc/arm-none-eabi/14.2.1/../../../arm-none-eabi/lib/thumb/v7e-m/nofp/libg_nano.a(libc_a-writer.o)
                                                  /usr/lib/gcc/arm-none-eabi/14.2.1/../../../arm-none-eabi/lib/thumb/v7e-m/nofp/libg_nano.a(libc_a-stdio.o)
aes                                               objdir-CW308_STM32F3/simpleserial-aes.o
aes_indep_enc                                     objdir-CW308_STM32F3/aes-independant.o
                                                  objdir-CW308_STM32F3/simpleserial-aes.o
aes_indep_enc_posttrigger                         objdir-CW308_STM32F3/aes-independant.o
                                                  objdir-CW308_STM32F3/simpleserial-aes.o
aes_indep_enc_pretrigger                          objdir-CW308_STM32F3/aes-independant.o
                                                  objdir-CW308_STM32F3/simpleserial-aes.o
aes_indep_init                                    objdir-CW308_STM32F3/aes-independant.o
                                                  objdir-CW308_STM32F3/simpleserial-aes.o
aes_indep_key                                     objdir-CW308_STM32F3/aes-independant.o
                                                  objdir-CW308_STM32F3/simpleserial-aes.o
aes_indep_mask                                    objdir-CW308_STM32F3/aes-independant.o
                                                  objdir-CW308_STM32F3/simpleserial-aes.o
atexit                                            /usr/lib/gcc/arm-none-eabi/14.2.1/../../../arm-none-eabi/lib/thumb/v7e-m/nofp/libg_nano.a(libc_a-atexit.o)
                                                  /usr/lib/gcc/arm-none-eabi/14.2.1/../../../arm-none-eabi/lib/thumb/v7e-m/nofp/crt0.o
change_err_led                                    objdir-CW308_STM32F3/stm32f3_hal.o
change_ok_led                                     objdir-CW308_STM32F3/stm32f3_hal.o
check_version                                     objdir-CW308_STM32F3/simpleserial.o
enc_multi_getpt                                   objdir-CW308_STM32F3/simpleserial-aes.o
enc_multi_setnum                                  objdir-CW308_STM32F3/simpleserial-aes.o
enckey                                            objdir-CW308_STM32F3/aes-independant.o
end                                               objdir-CW308_STM32F3/stm32f3_sysmem.o
errno                                             /usr/lib/gcc/arm-none-eabi/14.2.1/../../../arm-none-eabi/lib/thumb/v7e-m/nofp/libg_nano.a(libc_a-reent.o)
                                                  /usr/lib/gcc/arm-none-eabi/14.2.1/../../../arm-none-eabi/lib/thumb/v7e-m/nofp/libg_nano.a(libc_a-lseekr.o)
                                                  /usr/lib/gcc/arm-none-eabi/14.2.1/../../../arm-none-eabi/lib/thumb/v7e-m/nofp/libg_nano.a(libc_a-closer.o)
                                                  /usr/lib/gcc/arm-none-eabi/14.2.1/../../../arm-none-eabi/lib/thumb/v7e-m/nofp/libg_nano.a(libc_a-writer.o)
                                                  /usr/lib/gcc/arm-none-eabi/14.2.1/../../../arm-none-eabi/lib/thumb/v7e-m/nofp/libg_nano.a(libc_a-readr.o)
                                                  /usr/lib/gcc/arm-none-eabi/14.2.1/../../../arm-none-eabi/lib/thumb/v7e-m/nofp/libg_nano.a(libc_a-sbrkr.o)
exit                                              /usr/lib/gcc/arm-none-eabi/14.2.1/../../../arm-none-eabi/lib/thumb/v7e-m/nofp/libg_nano.a(libc_a-exit.o)
                                                  /usr/lib/gcc/arm-none-eabi/14.2.1/../../../arm-none-eabi/lib/thumb/v7e-m/nofp/crt0.o
fflush                                            /usr/lib/gcc/arm-none-eabi/14.2.1/../../../arm-none-eabi/lib/thumb/v7e-m/nofp/libg_nano.a(libc_a-fflush.o)
g_pfnVectors                                      objdir-CW308_STM32F3/stm32f3_startup.o
get_key                                           objdir-CW308_STM32F3/simpleserial-aes.o
get_mask                                          objdir-CW308_STM32F3/simpleserial-aes.o
get_pt                                            objdir-CW308_STM32F3/simpleserial-aes.o
getch                                             objdir-CW308_STM32F3/stm32f3_hal.o
                                                  objdir-CW308_STM32F3/simpleserial.o
hal_sys_tick                                      objdir-CW308_STM32F3/stm32f3_hal_lowlevel.o
hardware_init_hook                                /usr/lib/gcc/arm-none-eabi/14.2.1/../../../arm-none-eabi/lib/thumb/v7e-m/nofp/crt0.o
hex_decode                                        objdir-CW308_STM32F3/simpleserial.o
init_uart                                         objdir-CW308_STM32F3/stm32f3_hal.o
                                                  objdir-CW308_STM32F3/simpleserial-aes.o
led_error                                         objdir-CW308_STM32F3/hal.o
led_ok                                            objdir-CW308_STM32F3/hal.o
main                                              objdir-CW308_STM32F3/simpleserial-aes.o
                                                  objdir-CW308_STM32F3/stm32f3_startup.o
                                                  /usr/lib/gcc/arm-none-eabi/14.2.1/../../../arm-none-eabi/lib/thumb/v7e-m/nofp/crt0.o
malloc                                            /usr/lib/gcc/arm-none-eabi/14.2.1/../../../arm-none-eabi/lib/thumb/v7e-m/nofp/libg_nano.a(libc_a-__atexit.o)
memset                                            /usr/lib/gcc/arm-none-eabi/14.2.1/../../../arm-none-eabi/lib/thumb/v7e-m/nofp/libg_nano.a(libc_a-memset.o)
                                                  /usr/lib/gcc/arm-none-eabi/14.2.1/../../../arm-none-eabi/lib/thumb/v7e-m/nofp/libg_nano.a(libc_a-findfp.o)
                                                  /usr/lib/gcc/arm-none-eabi/14.2.1/../../../arm-none-eabi/lib/thumb/v7e-m/nofp/crt0.o
platform_init                                     objdir-CW308_STM32F3/stm32f3_hal.o
                                                  objdir-CW308_STM32F3/simpleserial-aes.o
putch                                             objdir-CW308_STM32F3/stm32f3_hal.o
                                                  objdir-CW308_STM32F3/simpleserial.o
reset                                             objdir-CW308_STM32F3/simpleserial-aes.o
rsbox                                             objdir-CW308_STM32F3/aes.o
sbox                                              objdir-CW308_STM32F3/aes.o
simpleserial_addcmd                               objdir-CW308_STM32F3/simpleserial.o
                                                  objdir-CW308_STM32F3/simpleserial-aes.o
simpleserial_get                                  objdir-CW308_STM32F3/simpleserial.o
                                                  objdir-CW308_STM32F3/simpleserial-aes.o
simpleserial_init                                 objdir-CW308_STM32F3/simpleserial.o
                                                  objdir-CW308_STM32F3/simpleserial-aes.o
simpleserial_put                                  objdir-CW308_STM32F3/simpleserial.o
                                                  objdir-CW308_STM32F3/simpleserial-aes.o
software_init_hook                                /usr/lib/gcc/arm-none-eabi/14.2.1/../../../arm-none-eabi/lib/thumb/v7e-m/nofp/crt0.o
ss_crc                                            objdir-CW308_STM32F3/simpleserial.o
ss_get_commands                                   objdir-CW308_STM32F3/simpleserial.o
ss_puts                                           objdir-CW308_STM32F3/simpleserial.o
stuff_data                                        objdir-CW308_STM32F3/simpleserial.o
trigger_high                                      objdir-CW308_STM32F3/stm32f3_hal.o
                                                  objdir-CW308_STM32F3/simpleserial-aes.o
trigger_low                                       objdir-CW308_STM32F3/stm32f3_hal.o
                                                  objdir-CW308_STM32F3/simpleserial-aes.o
trigger_setup                                     objdir-CW308_STM32F3/stm32f3_hal.o
                                                  objdir-CW308_STM32F3/simpleserial-aes.o
unstuff_data                                      objdir-CW308_STM32F3/simpleserial.o
uwTick                                            objdir-CW308_STM32F3/stm32f3_hal_lowlevel.o
